Archive member included because of file (symbol)

libbb/lib.a(appletlib.o)      /opt/buildroot-gcc463/usr/mipsel-buildroot-linux-uclibc/sysroot/usr/lib/crt1.o (main)
libbb/lib.a(bb_basename.o)    libbb/lib.a(appletlib.o) (bb_basename)
libbb/lib.a(bb_strtonum.o)    libbb/lib.a(appletlib.o) (bb_strtoul)
libbb/lib.a(default_error_retval.o)
                              libbb/lib.a(appletlib.o) (xfunc_error_retval)
libbb/lib.a(error_msg_and_die.o)
                              libbb/lib.a(appletlib.o) (bb_error_msg_and_die)
libbb/lib.a(full_write.o)     libbb/lib.a(appletlib.o) (full_write)
libbb/lib.a(get_last_path_component.o)
                              libbb/lib.a(appletlib.o) (bb_get_last_path_component_nostrip)
libbb/lib.a(last_char_is.o)   libbb/lib.a(get_last_path_component.o) (last_char_is)
libbb/lib.a(messages.o)       libbb/lib.a(appletlib.o) (bb_banner)
libbb/lib.a(perror_msg_and_die.o)
                              libbb/lib.a(appletlib.o) (bb_perror_msg_and_die)
libbb/lib.a(ptr_to_globals.o)
                              libbb/lib.a(appletlib.o) (bb_errno)
libbb/lib.a(safe_write.o)     libbb/lib.a(full_write.o) (safe_write)
libbb/lib.a(skip_whitespace.o)
                              libbb/lib.a(appletlib.o) (skip_whitespace)
libbb/lib.a(verror_msg.o)     libbb/lib.a(error_msg_and_die.o) (bb_verror_msg)
libbb/lib.a(wfopen.o)         libbb/lib.a(appletlib.o) (fopen_for_read)
libbb/lib.a(xfunc_die.o)      libbb/lib.a(appletlib.o) (xfunc_die)
libbb/lib.a(xfuncs.o)         libbb/lib.a(appletlib.o) (get_terminal_width_height)
libbb/lib.a(xfuncs_printf.o)  libbb/lib.a(appletlib.o) (xmalloc)
libbb/lib.a(copyfd.o)         libbb/lib.a(xfuncs_printf.o) (bb_copyfd_eof)
libbb/lib.a(error_msg.o)      libbb/lib.a(xfuncs_printf.o) (bb_error_msg)
libbb/lib.a(perror_msg.o)     libbb/lib.a(xfuncs_printf.o) (bb_perror_msg)
libbb/lib.a(read.o)           libbb/lib.a(copyfd.o) (safe_read)
libbb/lib.a(safe_poll.o)      libbb/lib.a(read.o) (safe_poll)
loginutils/lib.a(chpasswd.o)  libbb/lib.a(appletlib.o) (chpasswd_main)
loginutils/lib.a(login.o)     libbb/lib.a(appletlib.o) (login_main)
miscutils/lib.a(time.o)       libbb/lib.a(appletlib.o) (time_main)
modutils/lib.a(insmod.o)      libbb/lib.a(appletlib.o) (insmod_main)
modutils/lib.a(lsmod.o)       libbb/lib.a(appletlib.o) (lsmod_main)
modutils/lib.a(rmmod.o)       libbb/lib.a(appletlib.o) (rmmod_main)
networking/lib.a(brctl.o)     libbb/lib.a(appletlib.o) (brctl_main)
networking/lib.a(hostname.o)  libbb/lib.a(appletlib.o) (hostname_main)
networking/lib.a(ifconfig.o)  libbb/lib.a(appletlib.o) (ifconfig_main)
networking/lib.a(interface.o)
                              networking/lib.a(ifconfig.o) (display_interfaces)
networking/lib.a(netstat.o)   libbb/lib.a(appletlib.o) (netstat_main)
networking/lib.a(ping.o)      libbb/lib.a(appletlib.o) (ping_main)
networking/lib.a(route.o)     networking/lib.a(netstat.o) (bb_displayroutes)
networking/lib.a(telnetd.o)   libbb/lib.a(appletlib.o) (telnetd_main)
networking/lib.a(tftp.o)      libbb/lib.a(appletlib.o) (tftp_main)
networking/lib.a(vconfig.o)   libbb/lib.a(appletlib.o) (vconfig_main)
networking/lib.a(wget.o)      libbb/lib.a(appletlib.o) (wget_main)
networking/udhcp/lib.a(dhcpc.o)
                              libbb/lib.a(appletlib.o) (udhcpc_main)
networking/udhcp/lib.a(dhcpd.o)
                              libbb/lib.a(appletlib.o) (udhcpd_main)
networking/udhcp/lib.a(files.o)
                              networking/udhcp/lib.a(dhcpd.o) (find_option)
networking/udhcp/lib.a(leases.o)
                              networking/udhcp/lib.a(files.o) (add_lease)
networking/udhcp/lib.a(options.o)
                              networking/udhcp/lib.a(dhcpc.o) (udhcp_get_option)
networking/udhcp/lib.a(packet.o)
                              networking/udhcp/lib.a(dhcpc.o) (udhcp_recv_kernel_packet)
networking/udhcp/lib.a(script.o)
                              networking/udhcp/lib.a(dhcpc.o) (udhcp_run_script)
networking/udhcp/lib.a(serverpacket.o)
                              networking/udhcp/lib.a(dhcpd.o) (send_offer)
networking/udhcp/lib.a(signalpipe.o)
                              networking/udhcp/lib.a(dhcpc.o) (udhcp_sp_setup)
networking/udhcp/lib.a(socket.o)
                              networking/udhcp/lib.a(dhcpc.o) (udhcp_read_interface)
networking/udhcp/lib.a(static_leases.o)
                              networking/udhcp/lib.a(files.o) (addStaticLease)
networking/udhcp/lib.a(arpping.o)
                              networking/udhcp/lib.a(leases.o) (arpping)
networking/udhcp/lib.a(clientpacket.o)
                              networking/udhcp/lib.a(dhcpc.o) (random_xid)
networking/udhcp/lib.a(clientsocket.o)
                              networking/udhcp/lib.a(dhcpc.o) (raw_socket)
networking/udhcp/lib.a(common.o)
                              networking/udhcp/lib.a(serverpacket.o) (MAC_BCAST_ADDR)
procps/lib.a(free.o)          libbb/lib.a(appletlib.o) (free_main)
[...]
Memory Configuration

Name             Origin             Length             Attributes
*default*        0x0000000000000000 0xffffffffffffffff

Linker script and memory map

LOAD /opt/buildroot-gcc463/usr/mipsel-buildroot-linux-uclibc/sysroot/usr/lib/crt1.o
LOAD /opt/buildroot-gcc463/usr/mipsel-buildroot-linux-uclibc/sysroot/usr/lib/crti.o
LOAD /opt/buildroot-gcc463/usr/lib/gcc/mipsel-buildroot-linux-uclibc/4.6.3/crtbegin.o
START GROUP
LOAD applets/built-in.o
LOAD archival/lib.a
LOAD archival/libunarchive/lib.a
LOAD console-tools/lib.a
LOAD coreutils/lib.a
LOAD coreutils/libcoreutils/lib.a
LOAD debianutils/lib.a
LOAD e2fsprogs/lib.a
LOAD editors/lib.a
LOAD findutils/lib.a
LOAD init/lib.a
LOAD libbb/lib.a
LOAD libpwdgrp/lib.a
LOAD loginutils/lib.a
LOAD miscutils/lib.a
LOAD modutils/lib.a
LOAD networking/lib.a
LOAD networking/libiproute/lib.a
LOAD networking/udhcp/lib.a
LOAD printutils/lib.a
LOAD procps/lib.a
LOAD runit/lib.a
LOAD selinux/lib.a
LOAD shell/lib.a
LOAD sysklogd/lib.a
LOAD util-linux/lib.a
LOAD util-linux/volume_id/lib.a
LOAD archival/built-in.o
LOAD archival/libunarchive/built-in.o
LOAD console-tools/built-in.o
LOAD coreutils/built-in.o
LOAD coreutils/libcoreutils/built-in.o
LOAD debianutils/built-in.o
LOAD e2fsprogs/built-in.o
LOAD editors/built-in.o
LOAD findutils/built-in.o
LOAD init/built-in.o
LOAD libbb/built-in.o
LOAD libpwdgrp/built-in.o
LOAD loginutils/built-in.o
LOAD miscutils/built-in.o
LOAD modutils/built-in.o
LOAD networking/built-in.o
LOAD networking/libiproute/built-in.o
LOAD networking/udhcp/built-in.o
LOAD printutils/built-in.o
LOAD procps/built-in.o
LOAD runit/built-in.o
LOAD selinux/built-in.o
LOAD shell/built-in.o
LOAD sysklogd/built-in.o
LOAD util-linux/built-in.o
LOAD util-linux/volume_id/built-in.o
END GROUP
START GROUP
LOAD /home/xiaoning/CMCC_CY/source/uClibc-0.9.33.2/lib/libcrypt.so
LOAD /home/xiaoning/CMCC_CY/source/uClibc-0.9.33.2/lib/libm.so
END GROUP
LOAD /opt/buildroot-gcc463/usr/lib/gcc/mipsel-buildroot-linux-uclibc/4.6.3/libgcc.a
LOAD /home/xiaoning/CMCC_CY/source/uClibc-0.9.33.2/lib/libc.so
START GROUP
LOAD /home/xiaoning/CMCC_CY/source/uClibc-0.9.33.2/lib/uclibc_nonshared.a
LOAD /home/xiaoning/CMCC_CY/source/uClibc-0.9.33.2/lib/libc.so.0
LOAD /home/xiaoning/CMCC_CY/source/uClibc-0.9.33.2/lib/ld-uClibc.so.0
END GROUP
LOAD /opt/buildroot-gcc463/usr/lib/gcc/mipsel-buildroot-linux-uclibc/4.6.3/libgcc.a
LOAD /opt/buildroot-gcc463/usr/lib/gcc/mipsel-buildroot-linux-uclibc/4.6.3/crtend.o
LOAD /opt/buildroot-gcc463/usr/mipsel-buildroot-linux-uclibc/sysroot/usr/lib/crtn.o
                0x0000000000400000                PROVIDE (__executable_start, 0x400000)
                0x0000000000400134                . = (0x400000 + SIZEOF_HEADERS)

.interp         0x0000000000400134       0x14
 *(SORT(.interp))
 .interp        0x0000000000400134       0x14 /opt/buildroot-gcc463/usr/mipsel-buildroot-linux-uclibc/sysroot/usr/lib/crt1.o

.reginfo
 *(SORT(.reginfo))

.note.gnu.build-id
 *(SORT(.note.gnu.build-id))

.dynamic        0x0000000000400148       0xd0
 *(SORT(.dynamic))
 .dynamic       0x0000000000400148       0xd0 /opt/buildroot-gcc463/usr/mipsel-buildroot-linux-uclibc/sysroot/usr/lib/crt1.o
                0x0000000000400148                _DYNAMIC

.hash           0x0000000000400218      0x978
 *(SORT(.hash))
 .hash          0x0000000000400218      0x978 /opt/buildroot-gcc463/usr/mipsel-buildroot-linux-uclibc/sysroot/usr/lib/crt1.o

.gnu.hash
 *(SORT(.gnu.hash))

.dynsym         0x0000000000400b90     0x1550
 *(SORT(.dynsym))
 .dynsym        0x0000000000400b90     0x1550 /opt/buildroot-gcc463/usr/mipsel-buildroot-linux-uclibc/sysroot/usr/lib/crt1.o

.dynstr         0x00000000004020e0      0xac6
 *(SORT(.dynstr))
 .dynstr        0x00000000004020e0      0xac6 /opt/buildroot-gcc463/usr/mipsel-buildroot-linux-uclibc/sysroot/usr/lib/crt1.o

.gnu.version    0x0000000000402ba6        0x0
 *(SORT(.gnu.version))
 .gnu.version   0x0000000000000000        0x0 /opt/buildroot-gcc463/usr/mipsel-buildroot-linux-uclibc/sysroot/usr/lib/crt1.o

.gnu.version_d  0x0000000000402ba8        0x0 load address 0x0000000000402ba6
 *(SORT(.gnu.version_d))
 .gnu.version_d
                0x0000000000000000        0x0 /opt/buildroot-gcc463/usr/mipsel-buildroot-linux-uclibc/sysroot/usr/lib/crt1.o

.gnu.version_r  0x0000000000402ba8        0x0 load address 0x0000000000402ba6
 *(SORT(.gnu.version_r))
 .gnu.version_r
                0x0000000000000000        0x0 /opt/buildroot-gcc463/usr/mipsel-buildroot-linux-uclibc/sysroot/usr/lib/crt1.o

.rel.dyn        0x0000000000402ba8        0x0 load address 0x0000000000402ba6
 *(SORT(.rel.init))
 *(SORT(.rel.text) SORT(.rel.text.*) SORT(.rel.gnu.linkonce.t.*))
 *(SORT(.rel.fini))
 *(SORT(.rel.rodata) SORT(.rel.rodata.*) SORT(.rel.gnu.linkonce.r.*))
 *(SORT(.rel.data.rel.ro*) SORT(.rel.gnu.linkonce.d.rel.ro.*))
 *(SORT(.rel.data) SORT(.rel.data.*) SORT(.rel.gnu.linkonce.d.*))
 *(SORT(.rel.tdata) SORT(.rel.tdata.*) SORT(.rel.gnu.linkonce.td.*))
 *(SORT(.rel.tbss) SORT(.rel.tbss.*) SORT(.rel.gnu.linkonce.tb.*))
 *(SORT(.rel.ctors))
 *(SORT(.rel.dtors))
 *(SORT(.rel.got))
 *(SORT(.rel.dyn))
 .rel.dyn       0x0000000000000000        0x0 /opt/buildroot-gcc463/usr/mipsel-buildroot-linux-uclibc/sysroot/usr/lib/crt1.o
 *(SORT(.rel.sdata) SORT(.rel.sdata.*) SORT(.rel.gnu.linkonce.s.*))
 *(SORT(.rel.sbss) SORT(.rel.sbss.*) SORT(.rel.gnu.linkonce.sb.*))
 *(SORT(.rel.sdata2) SORT(.rel.sdata2.*) SORT(.rel.gnu.linkonce.s2.*))
 *(SORT(.rel.sbss2) SORT(.rel.sbss2.*) SORT(.rel.gnu.linkonce.sb2.*))
 *(SORT(.rel.bss) SORT(.rel.bss.*) SORT(.rel.gnu.linkonce.b.*))
 .rel.bss       0x0000000000000000        0x0 /opt/buildroot-gcc463/usr/mipsel-buildroot-linux-uclibc/sysroot/usr/lib/crt1.o
                0x0000000000402ba8                PROVIDE (__rel_iplt_start, .)
 *(SORT(.rel.iplt))
                0x0000000000402ba8                PROVIDE (__rel_iplt_end, .)
                0x0000000000402ba8                PROVIDE (__rela_iplt_start, .)
                0x0000000000402ba8                PROVIDE (__rela_iplt_end, .)

.rela.dyn       0x0000000000402ba6        0x0
 *(SORT(.rela.init))
 *(SORT(.rela.text) SORT(.rela.text.*) SORT(.rela.gnu.linkonce.t.*))
 *(SORT(.rela.fini))
 *(SORT(.rela.rodata) SORT(.rela.rodata.*) SORT(.rela.gnu.linkonce.r.*))
 *(SORT(.rela.data) SORT(.rela.data.*) SORT(.rela.gnu.linkonce.d.*))
 *(SORT(.rela.tdata) SORT(.rela.tdata.*) SORT(.rela.gnu.linkonce.td.*))
 *(SORT(.rela.tbss) SORT(.rela.tbss.*) SORT(.rela.gnu.linkonce.tb.*))
 *(SORT(.rela.ctors))
 *(SORT(.rela.dtors))
 *(SORT(.rela.got))
 *(SORT(.rela.sdata) SORT(.rela.sdata.*) SORT(.rela.gnu.linkonce.s.*))
 *(SORT(.rela.sbss) SORT(.rela.sbss.*) SORT(.rela.gnu.linkonce.sb.*))
 *(SORT(.rela.sdata2) SORT(.rela.sdata2.*) SORT(.rela.gnu.linkonce.s2.*))
 *(SORT(.rela.sbss2) SORT(.rela.sbss2.*) SORT(.rela.gnu.linkonce.sb2.*))
 *(SORT(.rela.bss) SORT(.rela.bss.*) SORT(.rela.gnu.linkonce.b.*))
                0x0000000000402ba6                PROVIDE (__rel_iplt_start, .)
                0x0000000000402ba6                PROVIDE (__rel_iplt_end, .)
                0x0000000000402ba6                PROVIDE (__rela_iplt_start, .)
 *(SORT(.rela.iplt))
                0x0000000000402ba6                PROVIDE (__rela_iplt_end, .)

.rel.plt        0x0000000000402ba8        0x0 load address 0x0000000000402ba6
 *(SORT(.rel.plt))
 .rel.plt       0x0000000000000000        0x0 /opt/buildroot-gcc463/usr/mipsel-buildroot-linux-uclibc/sysroot/usr/lib/crt1.o

.rela.plt
 *(SORT(.rela.plt))

.init           0x0000000000402ba8       0x78
 *(SORT(.init))
 .init          0x0000000000402ba8       0x1c /opt/buildroot-gcc463/usr/mipsel-buildroot-linux-uclibc/sysroot/usr/lib/crti.o
                0x0000000000402ba8                _init
 .init          0x0000000000402bc4        0xc /opt/buildroot-gcc463/usr/mipsel-buildroot-linux-uclibc/sysroot/usr/lib/crtn.o
 .init          0x0000000000402bd0       0x2c /opt/buildroot-gcc463/usr/lib/gcc/mipsel-buildroot-linux-uclibc/4.6.3/crtbegin.o
 .init          0x0000000000402bfc       0x24 /opt/buildroot-gcc463/usr/lib/gcc/mipsel-buildroot-linux-uclibc/4.6.3/crtend.o

.plt            0x0000000000402c20        0x0
 *(SORT(.plt))
 .plt           0x0000000000000000        0x0 /opt/buildroot-gcc463/usr/mipsel-buildroot-linux-uclibc/sysroot/usr/lib/crt1.o

.iplt
 *(SORT(.iplt))

.text           0x0000000000402c20    0x4d584
                0x0000000000402c20                _ftext = .
 *(SORT(.text.unlikely) SORT(.text.*_unlikely))
 *(SORT(.text.exit) SORT(.text.exit.*))
 *(SORT(.text.startup) SORT(.text.startup.*))
 *(SORT(.text.hot) SORT(.text.hot.*))
 *(SORT(.text) SORT(.stub) SORT(.text.*) SORT(.gnu.linkonce.t.*))
 .text          0x0000000000402c20       0x60 /opt/buildroot-gcc463/usr/mipsel-buildroot-linux-uclibc/sysroot/usr/lib/crt1.o
                0x0000000000402c20                __start
 .text          0x0000000000402c80      0x150 /opt/buildroot-gcc463/usr/lib/gcc/mipsel-buildroot-linux-uclibc/4.6.3/crtbegin.o
 .text          0x0000000000402dd0       0x40 /opt/buildroot-gcc463/usr/lib/gcc/mipsel-buildroot-linux-uclibc/4.6.3/libgcc.a(_lshrdi3.o)
                0x0000000000402dd0                __lshrdi3
 .text          0x0000000000402e10       0x50 /opt/buildroot-gcc463/usr/lib/gcc/mipsel-buildroot-linux-uclibc/4.6.3/libgcc.a(_ashldi3.o)
                0x0000000000402e10                __ashldi3
 .text          0x0000000000402e60       0xb0 /opt/buildroot-gcc463/usr/lib/gcc/mipsel-buildroot-linux-uclibc/4.6.3/libgcc.a(_fixunsdfsi.o)
                0x0000000000402e60                __fixunsdfsi
 .text          0x0000000000402f10      0x5a0 /opt/buildroot-gcc463/usr/lib/gcc/mipsel-buildroot-linux-uclibc/4.6.3/libgcc.a(_udivdi3.o)
                0x0000000000402f10                __udivdi3
 .text          0x00000000004034b0      0x140 /opt/buildroot-gcc463/usr/lib/gcc/mipsel-buildroot-linux-uclibc/4.6.3/libgcc.a(_pack_sf.o)
                0x00000000004034b0                __pack_f
 .text          0x00000000004035f0       0xd0 /opt/buildroot-gcc463/usr/lib/gcc/mipsel-buildroot-linux-uclibc/4.6.3/libgcc.a(_unpack_sf.o)
                0x00000000004035f0                __unpack_f
 .text          0x00000000004036c0       0x70 /opt/buildroot-gcc463/usr/lib/gcc/mipsel-buildroot-linux-uclibc/4.6.3/libgcc.a(_sf_to_df.o)
                0x00000000004036c0                __extendsfdf2
 .text          0x0000000000403730       0xf0 /opt/buildroot-gcc463/usr/lib/gcc/mipsel-buildroot-linux-uclibc/4.6.3/libgcc.a(_unpack_df.o)
                0x0000000000403730                __unpack_d
 .text          0x0000000000403820      0x4e0 /opt/buildroot-gcc463/usr/lib/gcc/mipsel-buildroot-linux-uclibc/4.6.3/libgcc.a(_addsub_df.o)
                0x0000000000403bc4                __adddf3
                0x0000000000403c5c                __subdf3
 .text          0x0000000000403d00      0x320 /opt/buildroot-gcc463/usr/lib/gcc/mipsel-buildroot-linux-uclibc/4.6.3/libgcc.a(_mul_df.o)
                0x0000000000403d00                __muldf3
 .text          0x0000000000404020      0x220 /opt/buildroot-gcc463/usr/lib/gcc/mipsel-buildroot-linux-uclibc/4.6.3/libgcc.a(_div_df.o)
                0x0000000000404020                __divdf3
 .text          0x0000000000404240      0x120 /opt/buildroot-gcc463/usr/lib/gcc/mipsel-buildroot-linux-uclibc/4.6.3/libgcc.a(_fpcmp_parts_df.o)
                0x0000000000404240                __fpcmp_parts_d
 .text          0x0000000000404360       0xa0 /opt/buildroot-gcc463/usr/lib/gcc/mipsel-buildroot-linux-uclibc/4.6.3/libgcc.a(_eq_df.o)
                0x0000000000404360                __eqdf2
 .text          0x0000000000404400       0xa0 /opt/buildroot-gcc463/usr/lib/gcc/mipsel-buildroot-linux-uclibc/4.6.3/libgcc.a(_ne_df.o)
                0x0000000000404400                __nedf2
 .text          0x00000000004044a0       0xa0 /opt/buildroot-gcc463/usr/lib/gcc/mipsel-buildroot-linux-uclibc/4.6.3/libgcc.a(_ge_df.o)
                0x00000000004044a0                __gedf2
 .text          0x0000000000404540       0xa0 /opt/buildroot-gcc463/usr/lib/gcc/mipsel-buildroot-linux-uclibc/4.6.3/libgcc.a(_lt_df.o)
                0x0000000000404540                __ltdf2
 .text          0x00000000004045e0       0xe0 /opt/buildroot-gcc463/usr/lib/gcc/mipsel-buildroot-linux-uclibc/4.6.3/libgcc.a(_si_to_df.o)
                0x00000000004045e0                __floatsidf
 .text          0x00000000004046c0       0xd0 /opt/buildroot-gcc463/usr/lib/gcc/mipsel-buildroot-linux-uclibc/4.6.3/libgcc.a(_df_to_si.o)
                0x00000000004046c0                __fixdfsi
 .text          0x0000000000404790       0x50 /opt/buildroot-gcc463/usr/lib/gcc/mipsel-buildroot-linux-uclibc/4.6.3/libgcc.a(_make_df.o)
                0x0000000000404790                __make_dp
 .text          0x00000000004047e0       0x90 /opt/buildroot-gcc463/usr/lib/gcc/mipsel-buildroot-linux-uclibc/4.6.3/libgcc.a(_df_to_sf.o)
                0x00000000004047e0                __truncdfsf2
 .text          0x0000000000404870      0x120 /opt/buildroot-gcc463/usr/lib/gcc/mipsel-buildroot-linux-uclibc/4.6.3/libgcc.a(_usi_to_df.o)
                0x0000000000404870                __floatunsidf
 .text          0x0000000000404990       0x60 /opt/buildroot-gcc463/usr/lib/gcc/mipsel-buildroot-linux-uclibc/4.6.3/libgcc.a(_clzsi2.o)
                0x0000000000404990                __clzsi2
 .text          0x00000000004049f0       0x50 /opt/buildroot-gcc463/usr/lib/gcc/mipsel-buildroot-linux-uclibc/4.6.3/libgcc.a(_make_sf.o)
                0x00000000004049f0                __make_fp
 .text          0x0000000000404a40      0x240 /opt/buildroot-gcc463/usr/lib/gcc/mipsel-buildroot-linux-uclibc/4.6.3/libgcc.a(_pack_df.o)
                0x0000000000404a40                __pack_d
 .text          0x0000000000404c80       0x30 /home/xiaoning/CMCC_CY/source/uClibc-0.9.33.2/lib/uclibc_nonshared.a(atexit.os)
                0x0000000000404c80                atexit
 .text          0x0000000000404cb0       0x50 /opt/buildroot-gcc463/usr/lib/gcc/mipsel-buildroot-linux-uclibc/4.6.3/crtend.o
 .text.get_trimmed_slice
                0x0000000000404d00       0x78 libbb/lib.a(appletlib.o)
 .text.full_write2_str
                0x0000000000404d78       0x44 libbb/lib.a(appletlib.o)
 .text.applet_name_compare
                0x0000000000404dbc       0x38 libbb/lib.a(appletlib.o)
 .text.find_applet_by_name
                0x0000000000404df4       0x60 libbb/lib.a(appletlib.o)
                0x0000000000404df4                find_applet_by_name
 .text.parse_config_file
                0x0000000000404e54      0x51c libbb/lib.a(appletlib.o)
 .text.bb_show_usage
                0x0000000000405370       0xd0 libbb/lib.a(appletlib.o)
                0x0000000000405370                bb_show_usage
 .text.lbb_prepare
                0x0000000000405440       0x40 libbb/lib.a(appletlib.o)
                0x0000000000405440                lbb_prepare
 .text.run_applet_no_and_exit
                0x0000000000405480      0x32c libbb/lib.a(appletlib.o)
                0x0000000000405480                run_applet_no_and_exit
 .text.run_applet_and_exit
                0x00000000004057ac      0x234 libbb/lib.a(appletlib.o)
                0x00000000004057ac                run_applet_and_exit
 .text.main     0x00000000004059e0       0x9c libbb/lib.a(appletlib.o)
                0x00000000004059e0                main
 .text.bb_basename
                0x0000000000405a7c       0x48 libbb/lib.a(bb_basename.o)
                0x0000000000405a7c                bb_basename
 .text.ret_ERANGE
                0x0000000000405ac4       0x1c libbb/lib.a(bb_strtonum.o)
 .text.handle_errors
                0x0000000000405ae0       0x98 libbb/lib.a(bb_strtonum.o)
 .text.bb_strtoul
                0x0000000000405b78       0x94 libbb/lib.a(bb_strtonum.o)
                0x0000000000405b78                bb_strtoul
 .text.bb_strtol
                0x0000000000405c0c       0xa4 libbb/lib.a(bb_strtonum.o)
                0x0000000000405c0c                bb_strtol
 .text.bb_error_msg_and_die
                0x0000000000405cb0       0x3c libbb/lib.a(error_msg_and_die.o)
                0x0000000000405cb0                bb_error_msg_and_die
 .text.full_write
                0x0000000000405cec       0x9c libbb/lib.a(full_write.o)
                0x0000000000405cec                full_write
 .text.bb_get_last_path_component_nostrip
                0x0000000000405d88       0x60 libbb/lib.a(get_last_path_component.o)
                0x0000000000405d88                bb_get_last_path_component_nostrip
 .text.bb_get_last_path_component_strip
                0x0000000000405de8       0x64 libbb/lib.a(get_last_path_component.o)
                0x0000000000405de8                bb_get_last_path_component_strip
 .text.last_char_is
                0x0000000000405e4c       0x80 libbb/lib.a(last_char_is.o)
                0x0000000000405e4c                last_char_is
 .text.bb_perror_msg_and_die
                0x0000000000405ecc       0x7c libbb/lib.a(perror_msg_and_die.o)
                0x0000000000405ecc                bb_perror_msg_and_die
 .text.bb_simple_perror_msg_and_die
                0x0000000000405f48       0x18 libbb/lib.a(perror_msg_and_die.o)
                0x0000000000405f48                bb_simple_perror_msg_and_die
 .text.safe_write
                0x0000000000405f60       0x90 libbb/lib.a(safe_write.o)
                0x0000000000405f60                safe_write
 .text.skip_whitespace
                0x0000000000405ff0       0x50 libbb/lib.a(skip_whitespace.o)
                0x0000000000405ff0                skip_whitespace
 .text.skip_non_whitespace
                0x0000000000406040       0x64 libbb/lib.a(skip_whitespace.o)
                0x0000000000406040                skip_non_whitespace
 .text.bb_verror_msg
                0x00000000004060a4      0x278 libbb/lib.a(verror_msg.o)
                0x00000000004060a4                bb_verror_msg
 .text.fopen_or_warn
                0x000000000040631c       0x5c libbb/lib.a(wfopen.o)
                0x000000000040631c                fopen_or_warn
 .text.fopen_for_read
                0x0000000000406378       0x18 libbb/lib.a(wfopen.o)
                0x0000000000406378                fopen_for_read
 .text.xfopen_for_read
                0x0000000000406390       0x14 libbb/lib.a(wfopen.o)
                0x0000000000406390                xfopen_for_read
 .text.xfopen_for_write
                0x00000000004063a4       0x14 libbb/lib.a(wfopen.o)
                0x00000000004063a4                xfopen_for_write
 .text.xfunc_die
                0x00000000004063b8       0x4c libbb/lib.a(xfunc_die.o)
                0x00000000004063b8                xfunc_die
 .text.ndelay_on
                0x0000000000406404       0x4c libbb/lib.a(xfuncs.o)
                0x0000000000406404                ndelay_on
 .text.ndelay_off
                0x0000000000406450       0x50 libbb/lib.a(xfuncs.o)
                0x0000000000406450                ndelay_off
 .text.close_on_exec_on
                0x00000000004064a0       0x18 libbb/lib.a(xfuncs.o)
                0x00000000004064a0                close_on_exec_on
 .text.smart_ulltoa5
                0x00000000004064b8      0x2e0 libbb/lib.a(xfuncs.o)
                0x00000000004064b8                smart_ulltoa5
 .text.utoa_to_buf
                0x0000000000406798       0x94 libbb/lib.a(xfuncs.o)
                0x0000000000406798                utoa_to_buf
 .text.itoa_to_buf
                0x000000000040682c       0x28 libbb/lib.a(xfuncs.o)
                0x000000000040682c                itoa_to_buf
 .text.utoa     0x0000000000406854       0x34 libbb/lib.a(xfuncs.o)
                0x0000000000406854                utoa
 .text.itoa     0x0000000000406888       0x34 libbb/lib.a(xfuncs.o)
                0x0000000000406888                itoa
 .text.bin2hex  0x00000000004068bc       0x60 libbb/lib.a(xfuncs.o)
                0x00000000004068bc                bin2hex
 .text.get_terminal_width_height
                0x000000000040691c      0x158 libbb/lib.a(xfuncs.o)
                0x000000000040691c                get_terminal_width_height
 .text.xmalloc  0x0000000000406a74       0x54 libbb/lib.a(xfuncs_printf.o)
                0x0000000000406a74                xmalloc
 .text.xrealloc
                0x0000000000406ac8       0x54 libbb/lib.a(xfuncs_printf.o)
                0x0000000000406ac8                xrealloc
 .text.xzalloc  0x0000000000406b1c       0x50 libbb/lib.a(xfuncs_printf.o)
                0x0000000000406b1c                xzalloc
 .text.xstrdup  0x0000000000406b6c       0x54 libbb/lib.a(xfuncs_printf.o)
                0x0000000000406b6c                xstrdup
 .text.xstrndup
                0x0000000000406bc0       0x80 libbb/lib.a(xfuncs_printf.o)
                0x0000000000406bc0                xstrndup
 .text.xfopen   0x0000000000406c40       0x50 libbb/lib.a(xfuncs_printf.o)
                0x0000000000406c40                xfopen
 .text.xopen3   0x0000000000406c90       0x50 libbb/lib.a(xfuncs_printf.o)
                0x0000000000406c90                xopen3
 .text.xopen    0x0000000000406ce0        0x8 libbb/lib.a(xfuncs_printf.o)
                0x0000000000406ce0                xopen
 .text.open3_or_warn
                0x0000000000406ce8       0x58 libbb/lib.a(xfuncs_printf.o)
                0x0000000000406ce8                open3_or_warn
 .text.open_or_warn
                0x0000000000406d40        0x8 libbb/lib.a(xfuncs_printf.o)
                0x0000000000406d40                open_or_warn
 .text.xrename  0x0000000000406d48       0x58 libbb/lib.a(xfuncs_printf.o)
                0x0000000000406d48                xrename
 .text.xpipe    0x0000000000406da0       0x48 libbb/lib.a(xfuncs_printf.o)
                0x0000000000406da0                xpipe
 .text.xdup2    0x0000000000406de8       0x4c libbb/lib.a(xfuncs_printf.o)
                0x0000000000406de8                xdup2
 .text.xmove_fd
                0x0000000000406e34       0x58 libbb/lib.a(xfuncs_printf.o)
                0x0000000000406e34                xmove_fd
 .text.xwrite   0x0000000000406e8c       0x4c libbb/lib.a(xfuncs_printf.o)
                0x0000000000406e8c                xwrite
 .text.xlseek   0x0000000000406ed8       0x78 libbb/lib.a(xfuncs_printf.o)
                0x0000000000406ed8                xlseek
 .text.bb_putchar
                0x0000000000406f50       0x6c libbb/lib.a(xfuncs_printf.o)
                0x0000000000406f50                bb_putchar
 .text.xprint_and_close_file
                0x0000000000406fbc       0x94 libbb/lib.a(xfuncs_printf.o)
                0x0000000000406fbc                xprint_and_close_file
 .text.xasprintf
                0x0000000000407050       0x60 libbb/lib.a(xfuncs_printf.o)
                0x0000000000407050                xasprintf
 .text.xsetenv  0x00000000004070b0       0x48 libbb/lib.a(xfuncs_printf.o)
                0x00000000004070b0                xsetenv
 .text.xsetgid  0x00000000004070f8       0x48 libbb/lib.a(xfuncs_printf.o)
                0x00000000004070f8                xsetgid
 .text.xsetuid  0x0000000000407140       0x48 libbb/lib.a(xfuncs_printf.o)
                0x0000000000407140                xsetuid
 .text.xchdir   0x0000000000407188       0x4c libbb/lib.a(xfuncs_printf.o)
                0x0000000000407188                xchdir
 .text.warn_opendir
                0x00000000004071d4       0x54 libbb/lib.a(xfuncs_printf.o)
                0x00000000004071d4                warn_opendir
 .text.xopendir
                0x0000000000407228       0x4c libbb/lib.a(xfuncs_printf.o)
                0x0000000000407228                xopendir
 .text.xsocket  0x0000000000407274       0x48 libbb/lib.a(xfuncs_printf.o)
                0x0000000000407274                xsocket
 .text.xbind    0x00000000004072bc       0x48 libbb/lib.a(xfuncs_printf.o)
                0x00000000004072bc                xbind
 .text.xlisten  0x0000000000407304       0x48 libbb/lib.a(xfuncs_printf.o)
                0x0000000000407304                xlisten
 .text.xsendto  0x000000000040734c       0x54 libbb/lib.a(xfuncs_printf.o)
                0x000000000040734c                xsendto
 .text.xstat    0x00000000004073a0       0x50 libbb/lib.a(xfuncs_printf.o)
                0x00000000004073a0                xstat
 .text.ioctl_or_perror_and_die
                0x00000000004073f0       0x84 libbb/lib.a(xfuncs_printf.o)
                0x00000000004073f0                ioctl_or_perror_and_die
 .text.ioctl_or_perror
                0x0000000000407474       0x84 libbb/lib.a(xfuncs_printf.o)
                0x0000000000407474                ioctl_or_perror
 .text.bb_ioctl_or_warn
                0x00000000004074f8       0x58 libbb/lib.a(xfuncs_printf.o)
                0x00000000004074f8                bb_ioctl_or_warn
 .text.bb_xioctl
                0x0000000000407550       0x50 libbb/lib.a(xfuncs_printf.o)
                0x0000000000407550                bb_xioctl
 .text.bb_full_fd_action
                0x00000000004075a0      0x120 libbb/lib.a(copyfd.o)
 .text.bb_copyfd_eof
                0x00000000004076c0        0x8 libbb/lib.a(copyfd.o)
                0x00000000004076c0                bb_copyfd_eof
 .text.bb_error_msg
                0x00000000004076c8       0x3c libbb/lib.a(error_msg.o)
                0x00000000004076c8                bb_error_msg
 .text.bb_perror_msg
                0x0000000000407704       0x7c libbb/lib.a(perror_msg.o)
                0x0000000000407704                bb_perror_msg
 .text.bb_simple_perror_msg
                0x0000000000407780       0x10 libbb/lib.a(perror_msg.o)
                0x0000000000407780                bb_simple_perror_msg
 .text.safe_read
                0x0000000000407790       0x90 libbb/lib.a(read.o)
                0x0000000000407790                safe_read
 .text.nonblock_safe_read
                0x0000000000407820       0xac libbb/lib.a(read.o)
                0x0000000000407820                nonblock_safe_read
 .text.full_read
                0x00000000004078cc       0x94 libbb/lib.a(read.o)
                0x00000000004078cc                full_read
 .text.read_close
                0x0000000000407960       0x54 libbb/lib.a(read.o)
                0x0000000000407960                read_close
 .text.open_read_close
                0x00000000004079b4       0x60 libbb/lib.a(read.o)
                0x00000000004079b4                open_read_close
 .text.xmalloc_read
                0x0000000000407a14      0x17c libbb/lib.a(read.o)
                0x0000000000407a14                xmalloc_read
 .text.xmalloc_open_read_close
                0x0000000000407b90       0x7c libbb/lib.a(read.o)
                0x0000000000407b90                xmalloc_open_read_close
 .text.xmalloc_xopen_read_close
                0x0000000000407c0c       0x40 libbb/lib.a(read.o)
                0x0000000000407c0c                xmalloc_xopen_read_close
 .text.safe_poll
                0x0000000000407c4c       0xc0 libbb/lib.a(safe_poll.o)
                0x0000000000407c4c                safe_poll
 .text.chpasswd_main
                0x0000000000407d0c      0x250 loginutils/lib.a(chpasswd.o)
                0x0000000000407d0c                chpasswd_main
 .text.alarm_handler
                0x0000000000407f5c       0x84 loginutils/lib.a(login.o)
 .text.login_main
                0x0000000000407fe0      0x834 loginutils/lib.a(login.o)
                0x0000000000407fe0                login_main
 .text.ptok     0x0000000000408814       0x44 miscutils/lib.a(time.o)
 .text.run_command
                0x0000000000408858      0x224 miscutils/lib.a(time.o)
 .text.time_main
                0x0000000000408a7c      0x79c miscutils/lib.a(time.o)
                0x0000000000408a7c                time_main
 .text.obj_find_symbol
                0x0000000000409218       0x98 modutils/lib.a(insmod.o)
 .text.obj_symbol_final_value
                0x00000000004092b0       0x48 modutils/lib.a(insmod.o)
 .text.obj_elf_hash
                0x00000000004092f8       0x78 modutils/lib.a(insmod.o)
 .text.arch_new_section
                0x0000000000409370       0x10 modutils/lib.a(insmod.o)
 .text.arch_new_symbol
                0x0000000000409380       0x28 modutils/lib.a(insmod.o)
 .text.obj_extend_section
                0x00000000004093a8       0x58 modutils/lib.a(insmod.o)
 .text.obj_load_order_prio
                0x0000000000409400       0xd8 modutils/lib.a(insmod.o)
 .text.obj_insert_section_load_order
                0x00000000004094d8       0x80 modutils/lib.a(insmod.o)
 .text.obj_find_section
                0x0000000000409558       0x9c modutils/lib.a(insmod.o)
 .text.obj_add_symbol
                0x00000000004095f4      0x268 modutils/lib.a(insmod.o)
 .text.get_modinfo_value
                0x000000000040985c      0x13c modutils/lib.a(insmod.o)
 .text.obj_gpl_license
                0x0000000000409998      0x140 modutils/lib.a(insmod.o)
 .text.add_symbols_from
                0x0000000000409ad8      0x140 modutils/lib.a(insmod.o)
 .text.obj_symbol_patch
                0x0000000000409c18       0x60 modutils/lib.a(insmod.o)
 .text.obj_create_alloced_section
                0x0000000000409c78       0xdc modutils/lib.a(insmod.o)
 .text.obj_allocate_commons
                0x0000000000409d54      0x33c modutils/lib.a(insmod.o)
 .text.obj_string_patch
                0x000000000040a090       0xf8 modutils/lib.a(insmod.o)
 .text.new_create_module_ksymtab
                0x000000000040a188      0x2ac modutils/lib.a(insmod.o)
 .text.set_tainted
                0x000000000040a434      0x11c modutils/lib.a(insmod.o)
 .text.new_process_module_arguments
                0x000000000040a550      0x71c modutils/lib.a(insmod.o)
 .text.check_module_name_match
                0x000000000040ac6c       0x88 modutils/lib.a(insmod.o)
 .text.obj_load.constprop.3
                0x000000000040acf4      0x560 modutils/lib.a(insmod.o)
 .text.insmod_main
                0x000000000040b254     0x1694 modutils/lib.a(insmod.o)
                0x000000000040b254                insmod_main
 .text.lsmod_main
                0x000000000040c8e8      0x130 modutils/lib.a(lsmod.o)
                0x000000000040c8e8                lsmod_main
 .text.rmmod_main
                0x000000000040ca18      0x218 modutils/lib.a(rmmod.o)
                0x000000000040ca18                rmmod_main
 .text.arm_ioctl
                0x000000000040cc30       0x14 networking/lib.a(brctl.o)
 .text.brctl_main
                0x000000000040cc44      0x730 networking/lib.a(brctl.o)
                0x000000000040cc44                brctl_main
 .text.do_sethostname
                0x000000000040d374      0x124 networking/lib.a(hostname.o)
 .text.hostname_main
                0x000000000040d498      0x1ec networking/lib.a(hostname.o)
                0x000000000040d498                hostname_main
 .text.ifconfig_main
                0x000000000040d684      0x644 networking/lib.a(ifconfig.o)
                0x000000000040d684                ifconfig_main
 .text.get_afntype
                0x000000000040dcc8       0x34 networking/lib.a(interface.o)
 .text.hexchar2int
                0x000000000040dcfc       0x2c networking/lib.a(interface.o)
 .text.ether_input
                0x000000000040dd28      0x108 networking/lib.a(interface.o)
 .text.add_interface
                0x000000000040de30       0xec networking/lib.a(interface.o)
 .text.if_readconf
                0x000000000040df1c      0x13c networking/lib.a(interface.o)
 .text.if_readlist_proc
                0x000000000040e058      0x388 networking/lib.a(interface.o)
 .text.do_if_fetch
                0x000000000040e3e0      0x4c8 networking/lib.a(interface.o)
 .text.print_bytes_scaled
                0x000000000040e8a8       0xac networking/lib.a(interface.o)
 .text.UNSPEC_print
                0x000000000040e954       0xbc networking/lib.a(interface.o)
 .text.UNSPEC_sprint
                0x000000000040ea10       0x30 networking/lib.a(interface.o)
 .text.INET6_input
                0x000000000040ea40       0x18 networking/lib.a(interface.o)
 .text.INET_input
                0x000000000040ea58       0x18 networking/lib.a(interface.o)
 .text.INET_sprint
                0x000000000040ea70       0x90 networking/lib.a(interface.o)
 .text.INET6_sprint
                0x000000000040eb00       0x90 networking/lib.a(interface.o)
 .text.ether_print
                0x000000000040eb90       0x84 networking/lib.a(interface.o)
 .text.get_hwntype
                0x000000000040ec14       0x34 networking/lib.a(interface.o)
                0x000000000040ec14                get_hwntype
 .text.ife_print
                0x000000000040ec48      0x840 networking/lib.a(interface.o)
 .text.display_interfaces
                0x000000000040f488      0x108 networking/lib.a(interface.o)
                0x000000000040f488                display_interfaces
 .text.prg_cache_get
                0x000000000040f590       0x64 networking/lib.a(netstat.o)
 .text.dir_act  0x000000000040f5f4      0x168 networking/lib.a(netstat.o)
 .text.file_act
                0x000000000040f75c      0x1ac networking/lib.a(netstat.o)
 .text.do_info  0x000000000040f908      0x140 networking/lib.a(netstat.o)
 .text.build_ipv4_addr
                0x000000000040fa48       0x48 networking/lib.a(netstat.o)
 .text.unix_do_one
                0x000000000040fa90      0x39c networking/lib.a(netstat.o)
 .text.build_ipv6_addr
                0x000000000040fe2c       0x94 networking/lib.a(netstat.o)
 .text.scan_inet_proc_line
                0x000000000040fec0       0xec networking/lib.a(netstat.o)
 .text.ip_port_str
                0x000000000040ffac      0x108 networking/lib.a(netstat.o)
 .text.print_inet_line
                0x00000000004100b4      0x17c networking/lib.a(netstat.o)
 .text.raw_do_one
                0x0000000000410230       0xa8 networking/lib.a(netstat.o)
 .text.udp_do_one
                0x00000000004102d8       0xc4 networking/lib.a(netstat.o)
 .text.tcp_do_one
                0x000000000041039c       0x5c networking/lib.a(netstat.o)
 .text.netstat_main
                0x00000000004103f8      0x430 networking/lib.a(netstat.o)
                0x00000000004103f8                netstat_main
 .text.sendping_tail
                0x0000000000410828      0x1e8 networking/lib.a(ping.o)
 .text.sendping6
                0x0000000000410a10       0xe8 networking/lib.a(ping.o)
 .text.sendping4
                0x0000000000410af8      0x154 networking/lib.a(ping.o)
 .text.unpack_tail
                0x0000000000410c4c      0x240 networking/lib.a(ping.o)
 .text.ping6    0x0000000000410e8c      0x5c4 networking/lib.a(ping.o)
 .text.ping4    0x0000000000411450      0x468 networking/lib.a(ping.o)
 .text.print_stats_and_exit
                0x00000000004118b8      0x24c networking/lib.a(ping.o)
 .text.ping_main
                0x0000000000411b04      0x304 networking/lib.a(ping.o)
                0x0000000000411b04                ping_main
 .text.ping6_main
                0x0000000000411e08       0x20 networking/lib.a(ping.o)
                0x0000000000411e08                ping6_main
 .text.set_flags
                0x0000000000411e28       0x50 networking/lib.a(route.o)
 .text.kw_lookup
                0x0000000000411e78       0xe0 networking/lib.a(route.o)
 .text.INET6_displayroutes
                0x0000000000411f58      0x2c0 networking/lib.a(route.o)
 .text.bb_displayroutes
                0x0000000000412218      0x2e4 networking/lib.a(route.o)
                0x0000000000412218                bb_displayroutes
 .text.route_main
                0x00000000004124fc      0x998 networking/lib.a(route.o)
                0x00000000004124fc                route_main
 .text.make_new_session
                0x0000000000412e94      0x300 networking/lib.a(telnetd.o)
 .text.free_session
                0x0000000000413194      0x124 networking/lib.a(telnetd.o)
 .text.handle_sigchld
                0x00000000004132b8       0x88 networking/lib.a(telnetd.o)
 .text.telnetd_main
                0x0000000000413340      0x8e4 networking/lib.a(telnetd.o)
                0x0000000000413340                telnetd_main
 .text.tftp_main
                0x0000000000413c24      0x704 networking/lib.a(tftp.o)
                0x0000000000413c24                tftp_main
 .text.xfind_str
                0x0000000000414328       0x80 networking/lib.a(vconfig.o)
 .text.vconfig_main
                0x00000000004143a8      0x1c4 networking/lib.a(vconfig.o)
                0x00000000004143a8                vconfig_main
 .text.base64enc_512
                0x000000000041456c       0x6c networking/lib.a(wget.o)
 .text.parse_url
                0x00000000004145d8      0x21c networking/lib.a(wget.o)
 .text.open_socket
                0x00000000004147f4       0x68 networking/lib.a(wget.o)
 .text.progressmeter
                0x000000000041485c      0x4f4 networking/lib.a(wget.o)
 .text.ftpcmd   0x0000000000414d50      0x138 networking/lib.a(wget.o)
 .text.gethdr.constprop.0
                0x0000000000414e88      0x1f0 networking/lib.a(wget.o)
 .text.safe_fgets.constprop.1
                0x0000000000415078       0xc4 networking/lib.a(wget.o)
 .text.wget_main
                0x000000000041513c      0xd78 networking/lib.a(wget.o)
                0x000000000041513c                wget_main
 .text.alloc_dhcp_option
                0x0000000000415eb4       0xbc networking/udhcp/lib.a(dhcpc.o)
 .text.client_background
                0x0000000000415f70       0x4c networking/udhcp/lib.a(dhcpc.o)
 .text.change_listen_mode
                0x0000000000415fbc       0x60 networking/udhcp/lib.a(dhcpc.o)
 .text.perform_release
                0x000000000041601c      0x108 networking/udhcp/lib.a(dhcpc.o)
 .text.udhcpc_main
                0x0000000000416124      0xcd8 networking/udhcp/lib.a(dhcpc.o)
                0x0000000000416124                udhcpc_main
 .text.udhcpd_main
                0x0000000000416dfc      0x938 networking/udhcp/lib.a(dhcpd.o)
                0x0000000000416dfc                udhcpd_main
 .text.read_yn  0x0000000000417734       0x88 networking/udhcp/lib.a(files.o)
 .text.read_u32
                0x00000000004177bc       0x48 networking/udhcp/lib.a(files.o)
 .text.read_str
                0x0000000000417804       0x58 networking/udhcp/lib.a(files.o)
 .text.read_ip  0x000000000041785c       0x68 networking/udhcp/lib.a(files.o)
 .text.read_staticlease
                0x00000000004178c4       0xec networking/udhcp/lib.a(files.o)
 .text.find_option
                0x00000000004179b0       0x4c networking/udhcp/lib.a(files.o)
                0x00000000004179b0                find_option
 .text.read_opt
                0x00000000004179fc      0x428 networking/udhcp/lib.a(files.o)
 .text.read_config
                0x0000000000417e24      0x204 networking/udhcp/lib.a(files.o)
                0x0000000000417e24                read_config
 .text.write_leases
                0x0000000000418028      0x260 networking/udhcp/lib.a(files.o)
                0x0000000000418028                write_leases
 .text.read_leases
                0x0000000000418288      0x1dc networking/udhcp/lib.a(files.o)
                0x0000000000418288                read_leases
 .text.add_lease
                0x0000000000418464      0x238 networking/udhcp/lib.a(leases.o)
                0x0000000000418464                add_lease
 .text.lease_expired
                0x000000000041869c       0x3c networking/udhcp/lib.a(leases.o)
                0x000000000041869c                lease_expired
 .text.find_lease_by_chaddr
                0x00000000004186d8       0xbc networking/udhcp/lib.a(leases.o)
                0x00000000004186d8                find_lease_by_chaddr
 .text.find_lease_by_yiaddr
                0x0000000000418794       0x4c networking/udhcp/lib.a(leases.o)
                0x0000000000418794                find_lease_by_yiaddr
 .text.find_address
                0x00000000004187e0      0x1b4 networking/udhcp/lib.a(leases.o)
                0x00000000004187e0                find_address
 .text.udhcp_get_option
                0x0000000000418994      0x13c networking/udhcp/lib.a(options.o)
                0x0000000000418994                udhcp_get_option
 .text.udhcp_end_option
                0x0000000000418ad0       0x48 networking/udhcp/lib.a(options.o)
                0x0000000000418ad0                udhcp_end_option
 .text.udhcp_add_option_string
                0x0000000000418b18       0xa8 networking/udhcp/lib.a(options.o)
                0x0000000000418b18                udhcp_add_option_string
 .text.udhcp_add_simple_option
                0x0000000000418bc0       0xa0 networking/udhcp/lib.a(options.o)
                0x0000000000418bc0                udhcp_add_simple_option
 .text.udhcp_init_header
                0x0000000000418c60       0xb0 networking/udhcp/lib.a(packet.o)
                0x0000000000418c60                udhcp_init_header
 .text.udhcp_recv_kernel_packet
                0x0000000000418d10      0x118 networking/udhcp/lib.a(packet.o)
                0x0000000000418d10                udhcp_recv_kernel_packet
 .text.udhcp_checksum
                0x0000000000418e28       0x6c networking/udhcp/lib.a(packet.o)
                0x0000000000418e28                udhcp_checksum
 .text.udhcp_send_raw_packet
                0x0000000000418e94      0x248 networking/udhcp/lib.a(packet.o)
                0x0000000000418e94                udhcp_send_raw_packet
 .text.udhcp_send_kernel_packet
                0x00000000004190dc      0x1b0 networking/udhcp/lib.a(packet.o)
                0x00000000004190dc                udhcp_send_kernel_packet
 .text.sprintip
                0x000000000041928c       0x58 networking/udhcp/lib.a(script.o)
 .text.udhcp_run_script
                0x00000000004192e4      0x864 networking/udhcp/lib.a(script.o)
                0x00000000004192e4                udhcp_run_script
 .text.init_packet
                0x0000000000419b48       0xd0 networking/udhcp/lib.a(serverpacket.o)
 .text.add_bootp_options
                0x0000000000419c18       0xb4 networking/udhcp/lib.a(serverpacket.o)
 .text.send_packet
                0x0000000000419ccc      0x104 networking/udhcp/lib.a(serverpacket.o)
 .text.send_offer
                0x0000000000419dd0      0x488 networking/udhcp/lib.a(serverpacket.o)
                0x0000000000419dd0                send_offer
 .text.send_NAK
                0x000000000041a258       0x34 networking/udhcp/lib.a(serverpacket.o)
                0x000000000041a258                send_NAK
 .text.send_ACK
                0x000000000041a28c      0x314 networking/udhcp/lib.a(serverpacket.o)
                0x000000000041a28c                send_ACK
 .text.send_inform
                0x000000000041a5a0      0x174 networking/udhcp/lib.a(serverpacket.o)
                0x000000000041a5a0                send_inform
 .text.signal_handler
                0x000000000041a714       0x5c networking/udhcp/lib.a(signalpipe.o)
 .text.udhcp_sp_setup
                0x000000000041a770       0x8c networking/udhcp/lib.a(signalpipe.o)
                0x000000000041a770                udhcp_sp_setup
 .text.udhcp_sp_fd_set
                0x000000000041a7fc       0xc4 networking/udhcp/lib.a(signalpipe.o)
                0x000000000041a7fc                udhcp_sp_fd_set
 .text.udhcp_sp_read
                0x000000000041a8c0       0x6c networking/udhcp/lib.a(signalpipe.o)
                0x000000000041a8c0                udhcp_sp_read
 .text.udhcp_read_interface
                0x000000000041a92c      0x18c networking/udhcp/lib.a(socket.o)
                0x000000000041a92c                udhcp_read_interface
 .text.udhcp_listen_socket
                0x000000000041aab8      0x134 networking/udhcp/lib.a(socket.o)
                0x000000000041aab8                udhcp_listen_socket
 .text.addStaticLease
                0x000000000041abec       0x80 networking/udhcp/lib.a(static_leases.o)
                0x000000000041abec                addStaticLease
 .text.getIpByMac
                0x000000000041ac6c       0x84 networking/udhcp/lib.a(static_leases.o)
                0x000000000041ac6c                getIpByMac
 .text.reservedIp
                0x000000000041acf0       0x3c networking/udhcp/lib.a(static_leases.o)
                0x000000000041acf0                reservedIp
 .text.arpping  0x000000000041ad2c      0x2b4 networking/udhcp/lib.a(arpping.o)
                0x000000000041ad2c                arpping
 .text.init_packet
                0x000000000041afe0      0x130 networking/udhcp/lib.a(clientpacket.o)
 .text.add_param_req_option
                0x000000000041b110       0xd0 networking/udhcp/lib.a(clientpacket.o)
 .text.random_xid
                0x000000000041b1e0       0x70 networking/udhcp/lib.a(clientpacket.o)
                0x000000000041b1e0                random_xid
 .text.send_discover
                0x000000000041b250       0xb4 networking/udhcp/lib.a(clientpacket.o)
                0x000000000041b250                send_discover
 .text.send_selecting
                0x000000000041b304      0x100 networking/udhcp/lib.a(clientpacket.o)
                0x000000000041b304                send_selecting
 .text.send_renew
                0x000000000041b404       0xd0 networking/udhcp/lib.a(clientpacket.o)
                0x000000000041b404                send_renew
 .text.send_release
                0x000000000041b4d4       0x98 networking/udhcp/lib.a(clientpacket.o)
                0x000000000041b4d4                send_release
 .text.udhcp_recv_raw_packet
                0x000000000041b56c      0x1d0 networking/udhcp/lib.a(clientpacket.o)
                0x000000000041b56c                udhcp_recv_raw_packet
 .text.raw_socket
                0x000000000041b73c       0xac networking/udhcp/lib.a(clientsocket.o)
                0x000000000041b73c                raw_socket
 .text.free_main
                0x000000000041b7e8      0x250 procps/lib.a(free.o)
                0x000000000041b7e8                free_main
 .text.kill_main
                0x000000000041ba38      0x45c procps/lib.a(kill.o)
                0x000000000041ba38                kill_main
 .text.ps_main  0x000000000041be94      0x16c procps/lib.a(ps.o)
                0x000000000041be94                ps_main
 .text.mem_sort
                0x000000000041c000       0x28 procps/lib.a(top.o)
 .text.pcpu_sort
                0x000000000041c028       0x10 procps/lib.a(top.o)
 .text.time_sort
                0x000000000041c038       0x28 procps/lib.a(top.o)
 .text.mult_lvl_cmp
                0x000000000041c060       0xa4 procps/lib.a(top.o)
 .text.display_process_list
                0x000000000041c104      0x850 procps/lib.a(top.o)
 .text.clearmems
                0x000000000041c954       0x6c procps/lib.a(top.o)
 .text.read_cpu_jiffy.constprop.0
                0x000000000041c9c0      0x21c procps/lib.a(top.o)
 .text.do_stats
                0x000000000041cbdc      0x1cc procps/lib.a(top.o)
 .text.top_main
                0x000000000041cda8      0x390 procps/lib.a(top.o)
                0x000000000041cda8                top_main
 .text.uptime_main
                0x000000000041d138      0x1cc procps/lib.a(uptime.o)
                0x000000000041d138                uptime_main
 .text.stunalloc
                0x000000000041d304       0x24 shell/lib.a(ash.o)
 .text.setstackmark
                0x000000000041d328       0x44 shell/lib.a(ash.o)
 .text.prefix   0x000000000041d36c       0x3c shell/lib.a(ash.o)
 .text.is_number
                0x000000000041d3a8       0x3c shell/lib.a(ash.o)
 .text.varcmp   0x000000000041d3e4       0x60 shell/lib.a(ash.o)
 .text.varequal
                0x000000000041d444       0x20 shell/lib.a(ash.o)
 .text.hashvar  0x000000000041d464       0x58 shell/lib.a(ash.o)
 .text.vpcmp    0x000000000041d4bc       0x10 shell/lib.a(ash.o)
 .text.findvar  0x000000000041d4cc       0x64 shell/lib.a(ash.o)
 .text.setprompt
                0x000000000041d530       0x54 shell/lib.a(ash.o)
 .text.set_curjob
                0x000000000041d584       0x50 shell/lib.a(ash.o)
 .text.getstatus
                0x000000000041d5d4       0x40 shell/lib.a(ash.o)
 .text.falsecmd
                0x000000000041d614        0x8 shell/lib.a(ash.o)
 .text.truecmd  0x000000000041d61c        0x8 shell/lib.a(ash.o)
 .text.bltincmd
                0x000000000041d624       0x10 shell/lib.a(ash.o)
 .text.pungetc  0x000000000041d634       0x2c shell/lib.a(ash.o)
 .text.lookupvar
                0x000000000041d660       0x70 shell/lib.a(ash.o)
 .text.bltinlookup
                0x000000000041d6d0       0xa0 shell/lib.a(ash.o)
 .text.calcsize
                0x000000000041d770      0x174 shell/lib.a(ash.o)
 .text.sizenodelist
                0x000000000041d8e4       0x54 shell/lib.a(ash.o)
 .text.ignoresig
                0x000000000041d938       0x7c shell/lib.a(ash.o)
 .text.freefunc
                0x000000000041d9b4       0x38 shell/lib.a(ash.o)
 .text.endofname
                0x000000000041d9ec       0xac shell/lib.a(ash.o)
 .text.goodname
                0x000000000041da98       0x24 shell/lib.a(ash.o)
 .text.isassignment
                0x000000000041dabc       0x40 shell/lib.a(ash.o)
 .text.scanright
                0x000000000041dafc      0x140 shell/lib.a(ash.o)
 .text.scanleft
                0x000000000041dc3c       0xd0 shell/lib.a(ash.o)
 .text.setsignal
                0x000000000041dd0c      0x204 shell/lib.a(ash.o)
 .text.nodeckstrdup
                0x000000000041df10       0x7c shell/lib.a(ash.o)
 .text.copynode
                0x000000000041df8c      0x150 shell/lib.a(ash.o)
 .text.copynodelist
                0x000000000041e0dc       0x7c shell/lib.a(ash.o)
 .text.msort    0x000000000041e158      0x10c shell/lib.a(ash.o)
 .text.pstrcmp  0x000000000041e264       0x1c shell/lib.a(ash.o)
 .text.raise_exception
                0x000000000041e280       0x44 shell/lib.a(ash.o)
 .text.raise_interrupt
                0x000000000041e2c4       0xc4 shell/lib.a(ash.o)
 .text.clearcmdentry
                0x000000000041e388      0x13c shell/lib.a(ash.o)
 .text.changepath
                0x000000000041e4c4      0x164 shell/lib.a(ash.o)
 .text.fmtstr   0x000000000041e628       0x84 shell/lib.a(ash.o)
 .text.removerecordregions
                0x000000000041e6ac      0x1f4 shell/lib.a(ash.o)
 .text.freejob  0x000000000041e8a0      0x128 shell/lib.a(ash.o)
 .text.popstring
                0x000000000041e9c8       0xb8 shell/lib.a(ash.o)
 .text.popfile  0x000000000041ea80      0x12c shell/lib.a(ash.o)
 .text.popallfiles
                0x000000000041ebac       0x4c shell/lib.a(ash.o)
 .text.onsig    0x000000000041ebf8       0x84 shell/lib.a(ash.o)
 .text.outstr   0x000000000041ec7c       0x78 shell/lib.a(ash.o)
 .text.out1str  0x000000000041ecf4       0x1c shell/lib.a(ash.o)
 .text.flush_stderr
                0x000000000041ed10       0x7c shell/lib.a(ash.o)
 .text.out2str  0x000000000041ed8c       0x34 shell/lib.a(ash.o)
 .text.stoppedjobs
                0x000000000041edc0       0x68 shell/lib.a(ash.o)
 .text.popstackmark
                0x000000000041ee28       0xec shell/lib.a(ash.o)
 .text.flush_stdout_stderr
                0x000000000041ef14       0x98 shell/lib.a(ash.o)
 .text.delete_cmd_entry
                0x000000000041efac       0xc4 shell/lib.a(ash.o)
 .text.noclobberopen
                0x000000000041f070      0x138 shell/lib.a(ash.o)
 .text.errmsg   0x000000000041f1a8       0x38 shell/lib.a(ash.o)
 .text.preadbuffer
                0x000000000041f1e0      0x34c shell/lib.a(ash.o)
 .text.pgetc    0x000000000041f52c       0x3c shell/lib.a(ash.o)
 .text.pgetc2   0x000000000041f568       0x3c shell/lib.a(ash.o)
 .text.tokname  0x000000000041f5a4       0x88 shell/lib.a(ash.o)
 .text.findkwd  0x000000000041f62c       0x48 shell/lib.a(ash.o)
 .text.find_builtin
                0x000000000041f674       0x48 shell/lib.a(ash.o)
 .text.out1fmt  0x000000000041f6bc       0x84 shell/lib.a(ash.o)
 .text.printlim
                0x000000000041f740       0x40 shell/lib.a(ash.o)
 .text.optschanged
                0x000000000041f780       0xa0 shell/lib.a(ash.o)
 .text.helpcmd  0x000000000041f820       0xb8 shell/lib.a(ash.o)
 .text.timescmd
                0x000000000041f8d8      0x124 shell/lib.a(ash.o)
 .text.evalbltin
                0x000000000041f9fc      0x144 shell/lib.a(ash.o)
 .text.outcslow.constprop.8
                0x000000000041fb40       0xe4 shell/lib.a(ash.o)
 .text.ash_vmsg
                0x000000000041fc24      0x12c shell/lib.a(ash.o)
 .text.ash_msg  0x000000000041fd50       0x30 shell/lib.a(ash.o)
 .text.ash_vmsg_and_raise
                0x000000000041fd80       0x2c shell/lib.a(ash.o)
 .text.ash_msg_and_raise_error
                0x000000000041fdac       0x28 shell/lib.a(ash.o)
 .text.ckrealloc
                0x000000000041fdd4       0x40 shell/lib.a(ash.o)
 .text.ckmalloc
                0x000000000041fe14        0xc shell/lib.a(ash.o)
 .text.recordregion
                0x000000000041fe20       0xc4 shell/lib.a(ash.o)
 .text.cmdlookup
                0x000000000041fee4      0x12c shell/lib.a(ash.o)
 .text.pushfile
                0x0000000000420010       0x84 shell/lib.a(ash.o)
 .text.setinputstring
                0x0000000000420094       0xac shell/lib.a(ash.o)
 .text.tryexec  0x0000000000420140      0x144 shell/lib.a(ash.o)
 .text.makejob.isra.2
                0x0000000000420284      0x1f0 shell/lib.a(ash.o)
 .text.varunset
                0x0000000000420474       0x7c shell/lib.a(ash.o)
 .text.ckstrdup
                0x00000000004204f0       0x40 shell/lib.a(ash.o)
 .text.setvareq
                0x0000000000420530      0x19c shell/lib.a(ash.o)
 .text.listsetvar
                0x00000000004206cc       0x98 shell/lib.a(ash.o)
 .text.setvar   0x0000000000420764      0x178 shell/lib.a(ash.o)
 .text.unsetvar
                0x00000000004208dc      0x128 shell/lib.a(ash.o)
 .text.localcmd
                0x0000000000420a04      0x1f4 shell/lib.a(ash.o)
 .text.setpwd   0x0000000000420bf8      0x188 shell/lib.a(ash.o)
 .text.copyfd   0x0000000000420d80       0x70 shell/lib.a(ash.o)
 .text.popredir
                0x0000000000420df0      0x154 shell/lib.a(ash.o)
 .text.clearredir
                0x0000000000420f44       0x58 shell/lib.a(ash.o)
 .text.stalloc  0x0000000000420f9c      0x110 shell/lib.a(ash.o)
 .text.ststrdup
                0x00000000004210ac       0x50 shell/lib.a(ash.o)
 .text.addfname
                0x00000000004210fc       0x54 shell/lib.a(ash.o)
 .text.expmeta  0x0000000000421150      0x394 shell/lib.a(ash.o)
 .text.makename
                0x00000000004214e4       0x48 shell/lib.a(ash.o)
 .text.growstackblock
                0x000000000042152c      0x1a8 shell/lib.a(ash.o)
 .text.makestrspace
                0x00000000004216d4       0x74 shell/lib.a(ash.o)
 .text.memtodest
                0x0000000000421748       0xe0 shell/lib.a(ash.o)
 .text.stack_nputstr
                0x0000000000421828       0x64 shell/lib.a(ash.o)
 .text.stack_putstr
                0x000000000042188c       0x48 shell/lib.a(ash.o)
 .text.cvtnum   0x00000000004218d4       0x5c shell/lib.a(ash.o)
 .text._rmescapes
                0x0000000000421930      0x1dc shell/lib.a(ash.o)
 .text.preglob  0x0000000000421b0c       0x14 shell/lib.a(ash.o)
 .text.single_quote
                0x0000000000421b20      0x130 shell/lib.a(ash.o)
 .text.growstackstr
                0x0000000000421c50       0x74 shell/lib.a(ash.o)
 .text._STPUTC  0x0000000000421cc4       0x3c shell/lib.a(ash.o)
 .text.listvars
                0x0000000000421d00      0x110 shell/lib.a(ash.o)
 .text.showvars
                0x0000000000421e10      0x128 shell/lib.a(ash.o)
 .text.padvance
                0x0000000000421f38      0x1b0 shell/lib.a(ash.o)
 .text.raise_error_syntax
                0x00000000004220e8       0x18 shell/lib.a(ash.o)
 .text.fixredir
                0x0000000000422100       0x9c shell/lib.a(ash.o)
 .text.raise_error_unexpected_syntax
                0x000000000042219c       0x84 shell/lib.a(ash.o)
 .text.parsefname
                0x0000000000422220      0x1c8 shell/lib.a(ash.o)
 .text.parse_command
                0x00000000004223e8      0x75c shell/lib.a(ash.o)
 .text.pipeline
                0x0000000000422b44      0x120 shell/lib.a(ash.o)
 .text.list     0x0000000000422c64      0x224 shell/lib.a(ash.o)
 .text.readtoken1
                0x0000000000422e88     0x103c shell/lib.a(ash.o)
 .text.parseheredoc
                0x0000000000423ec4       0xe4 shell/lib.a(ash.o)
 .text.xxreadtoken
                0x0000000000423fa8      0x2c8 shell/lib.a(ash.o)
 .text.readtoken
                0x0000000000424270       0xd0 shell/lib.a(ash.o)
 .text.peektoken
                0x0000000000424340       0x40 shell/lib.a(ash.o)
 .text.parsecmd
                0x0000000000424380       0x7c shell/lib.a(ash.o)
 .text.nextopt  0x00000000004243fc      0x13c shell/lib.a(ash.o)
 .text.unsetcmd
                0x0000000000424538       0xe8 shell/lib.a(ash.o)
 .text.cdopt    0x0000000000424620       0x64 shell/lib.a(ash.o)
 .text.pwdcmd   0x0000000000424684       0x6c shell/lib.a(ash.o)
 .text.exportcmd
                0x00000000004246f0      0x130 shell/lib.a(ash.o)
 .text.number   0x0000000000424820       0x48 shell/lib.a(ash.o)
 .text.returncmd
                0x0000000000424868       0x40 shell/lib.a(ash.o)
 .text.exitcmd  0x00000000004248a8       0x60 shell/lib.a(ash.o)
 .text.shiftcmd
                0x0000000000424908      0x154 shell/lib.a(ash.o)
 .text.breakcmd
                0x0000000000424a5c       0xb4 shell/lib.a(ash.o)
 .text.umaskcmd
                0x0000000000424b10      0x288 shell/lib.a(ash.o)
 .text.ulimitcmd
                0x0000000000424d98      0x2a4 shell/lib.a(ash.o)
 .text.setinputfile
                0x000000000042503c      0x170 shell/lib.a(ash.o)
 .text.trapcmd  0x00000000004251ac      0x204 shell/lib.a(ash.o)
 .text.readcmd  0x00000000004253b0      0x324 shell/lib.a(ash.o)
 .text.cdcmd    0x00000000004256d4      0x518 shell/lib.a(ash.o)
 .text.ash_msg_and_raise
                0x0000000000425bec       0x1c shell/lib.a(ash.o)
 .text.shellexec
                0x0000000000425c08      0x170 shell/lib.a(ash.o)
 .text.execcmd  0x0000000000425d78       0x54 shell/lib.a(ash.o)
 .text.freeparam.constprop.9
                0x0000000000425dcc       0x88 shell/lib.a(ash.o)
 .text.setparam
                0x0000000000425e54       0xb0 shell/lib.a(ash.o)
 .text.options  0x0000000000425f04      0x35c shell/lib.a(ash.o)
 .text.setcmd   0x0000000000426260       0xc0 shell/lib.a(ash.o)
 .text.dowait   0x0000000000426320      0x214 shell/lib.a(ash.o)
 .text.forkshell.isra.4
                0x0000000000426534      0x2fc shell/lib.a(ash.o)
 .text.waitforjob
                0x0000000000426830       0x54 shell/lib.a(ash.o)
 .text.waitcmd  0x0000000000426884      0x328 shell/lib.a(ash.o)
 .text.expandarg
                0x0000000000426bac      0x5e4 shell/lib.a(ash.o)
 .text.expredir
                0x0000000000427190       0xd8 shell/lib.a(ash.o)
 .text.redirect
                0x0000000000427268      0x570 shell/lib.a(ash.o)
 .text.redirectsafe
                0x00000000004277d8       0xe8 shell/lib.a(ash.o)
 .text.evaltree
                0x00000000004278c0      0x3ac shell/lib.a(ash.o)
 .text.evalstring
                0x0000000000427c6c       0xa8 shell/lib.a(ash.o)
 .text.evalcmd  0x0000000000427d14       0xa4 shell/lib.a(ash.o)
 .text.exitshell
                0x0000000000427db8       0x9c shell/lib.a(ash.o)
 .text.argstr   0x0000000000427e54      0x6bc shell/lib.a(ash.o)
 .text.subevalvar
                0x0000000000428510      0x200 shell/lib.a(ash.o)
 .text.evalvar  0x0000000000428710      0x710 shell/lib.a(ash.o)
 .text.evalloop
                0x0000000000428e20      0x158 shell/lib.a(ash.o)
 .text.cmdloop  0x0000000000428f78      0x13c shell/lib.a(ash.o)
 .text.find_command
                0x00000000004290b4      0x4d8 shell/lib.a(ash.o)
 .text.typecmd  0x000000000042958c      0x298 shell/lib.a(ash.o)
 .text.hashcmd  0x0000000000429824      0x214 shell/lib.a(ash.o)
 .text.evalpipe
                0x0000000000429a38      0x2d8 shell/lib.a(ash.o)
 .text.dotcmd   0x0000000000429d10      0x1cc shell/lib.a(ash.o)
 .text.read_profile
                0x0000000000429edc       0x50 shell/lib.a(ash.o)
 .text.evalfun  0x0000000000429f2c      0x34c shell/lib.a(ash.o)
 .text.evalsubshell
                0x000000000042a278      0x14c shell/lib.a(ash.o)
 .text.evalcase
                0x000000000042a3c4      0x1c8 shell/lib.a(ash.o)
 .text.evalfor  0x000000000042a58c      0x178 shell/lib.a(ash.o)
 .text.evalcommand
                0x000000000042a704      0x59c shell/lib.a(ash.o)
 .text.ash_main
                0x000000000042aca0      0x658 shell/lib.a(ash.o)
                0x000000000042aca0                ash_main
 .text.klogd_signal
                0x000000000042b2f8       0x78 sysklogd/lib.a(klogd.o)
 .text.klogd_main
                0x000000000042b370      0x2a8 sysklogd/lib.a(klogd.o)
                0x000000000042b370                klogd_main
 .text.error_exit
                0x000000000042b618       0x48 sysklogd/lib.a(logread.o)
 .text.sem_up   0x000000000042b660       0x4c sysklogd/lib.a(logread.o)
 .text.interrupted
                0x000000000042b6ac       0x5c sysklogd/lib.a(logread.o)
 .text.logread_main
                0x000000000042b708      0x35c sysklogd/lib.a(logread.o)
                0x000000000042b708                logread_main
 .text.decode   0x000000000042ba64       0xa0 sysklogd/lib.a(syslogd_and_logger.o)
 .text.create_socket
                0x000000000042bb04      0x118 sysklogd/lib.a(syslogd_and_logger.o)
 .text.timestamp_and_log
                0x000000000042bc1c      0x464 sysklogd/lib.a(syslogd_and_logger.o)
 .text.timestamp_and_log_internal
                0x000000000042c080       0x10 sysklogd/lib.a(syslogd_and_logger.o)
 .text.quit_signal
                0x000000000042c090       0xcc sysklogd/lib.a(syslogd_and_logger.o)
 .text.syslogd_main
                0x000000000042c15c      0x45c sysklogd/lib.a(syslogd_and_logger.o)
                0x000000000042c15c                syslogd_main
 .text.logger_main
                0x000000000042c5b8      0x2e0 sysklogd/lib.a(syslogd_and_logger.o)
                0x000000000042c5b8                logger_main
 .text.dirAction
                0x000000000042c898       0x10 util-linux/lib.a(mdev.o)
 .text.make_device
                0x000000000042c8a8      0x534 util-linux/lib.a(mdev.o)
 .text.fileAction
                0x000000000042cddc       0xa4 util-linux/lib.a(mdev.o)
 .text.mdev_main
                0x000000000042ce80      0x348 util-linux/lib.a(mdev.o)
                0x000000000042ce80                mdev_main
 .text.parse_mount_options
                0x000000000042d1c8      0x1b8 util-linux/lib.a(mount.o)
 .text.append_mount_options
                0x000000000042d380      0x1c0 util-linux/lib.a(mount.o)
 .text.mount_it_now
                0x000000000042d540      0x10c util-linux/lib.a(mount.o)
 .text.singlemount
                0x000000000042d64c      0x2f0 util-linux/lib.a(mount.o)
 .text.mount_main
                0x000000000042d93c      0x548 util-linux/lib.a(mount.o)
                0x000000000042d93c                mount_main
 .text.umount_main
                0x000000000042de84      0x3dc util-linux/lib.a(umount.o)
                0x000000000042de84                umount_main
 .text.basename_main
                0x000000000042e260      0x108 coreutils/lib.a(basename.o)
                0x000000000042e260                basename_main
 .text.bb_cat   0x000000000042e368       0xd4 coreutils/lib.a(cat.o)
                0x000000000042e368                bb_cat
 .text.cat_main
                0x000000000042e43c       0x60 coreutils/lib.a(cat.o)
                0x000000000042e43c                cat_main
 .text.fileAction
                0x000000000042e49c       0xe8 coreutils/lib.a(chmod.o)
 .text.chmod_main
                0x000000000042e584      0x17c coreutils/lib.a(chmod.o)
                0x000000000042e584                chmod_main
 .text.cp_main  0x000000000042e700      0x1c8 coreutils/lib.a(cp.o)
                0x000000000042e700                cp_main
 .text.cmpfunc  0x000000000042e8c8       0x10 coreutils/lib.a(cut.o)
 .text.cut_main
                0x000000000042e8d8      0x728 coreutils/lib.a(cut.o)
                0x000000000042e8d8                cut_main
 .text.maybe_set_utc
                0x000000000042f000       0x28 coreutils/lib.a(date.o)
 .text.date_main
                0x000000000042f028      0x648 coreutils/lib.a(date.o)
                0x000000000042f028                date_main
 .text.echo_main
                0x000000000042f670      0x264 coreutils/lib.a(echo.o)
                0x000000000042f670                echo_main
 .text.null     0x000000000042f8d4       0x54 coreutils/lib.a(expr.o)
 .text.tostring
                0x000000000042f928       0x50 coreutils/lib.a(expr.o)
 .text.int_value
                0x000000000042f978       0x34 coreutils/lib.a(expr.o)
 .text.str_value
                0x000000000042f9ac       0x5c coreutils/lib.a(expr.o)
 .text.docolon  0x000000000042fa08      0x168 coreutils/lib.a(expr.o)
 .text.toarith  0x000000000042fb70       0x98 coreutils/lib.a(expr.o)
 .text.arithmetic_common
                0x000000000042fc08       0xcc coreutils/lib.a(expr.o)
 .text.freev    0x000000000042fcd4       0x58 coreutils/lib.a(expr.o)
 .text.nextarg  0x000000000042fd2c       0x84 coreutils/lib.a(expr.o)
 .text.eval     0x000000000042fdb0       0xac coreutils/lib.a(expr.o)
 .text.eval6    0x000000000042fe5c      0x394 coreutils/lib.a(expr.o)
 .text.eval5    0x00000000004301f0       0xb0 coreutils/lib.a(expr.o)
 .text.eval4    0x00000000004302a0       0xfc coreutils/lib.a(expr.o)
 .text.eval3    0x000000000043039c       0xdc coreutils/lib.a(expr.o)
 .text.eval2    0x0000000000430478      0x228 coreutils/lib.a(expr.o)
 .text.eval1    0x00000000004306a0       0xcc coreutils/lib.a(expr.o)
 .text.expr_main
                0x000000000043076c       0xdc coreutils/lib.a(expr.o)
                0x000000000043076c                expr_main
 .text.count_dirs
                0x0000000000430848       0x98 coreutils/lib.a(ls.o)
 .text.my_stat  0x00000000004308e0       0xc4 coreutils/lib.a(ls.o)
 .text.dnalloc  0x00000000004309a4       0x1c coreutils/lib.a(ls.o)
 .text.splitdnarray
                0x00000000004309c0      0x12c coreutils/lib.a(ls.o)
 .text.showfiles
                0x0000000000430aec      0x534 coreutils/lib.a(ls.o)
 .text.ls_main  0x0000000000431020      0x5d0 coreutils/lib.a(ls.o)
                0x0000000000431020                ls_main
 .text.md5_sha1_sum_main
                0x00000000004315f0      0x1fc coreutils/lib.a(md5_sha1_sum.o)
                0x00000000004315f0                md5_sha1_sum_main
 .text.mkdir_main
                0x00000000004317ec      0x128 coreutils/lib.a(mkdir.o)
                0x00000000004317ec                mkdir_main
 .text.mknod_main
                0x0000000000431914      0x180 coreutils/lib.a(mknod.o)
                0x0000000000431914                mknod_main
 .text.get_width_prec
                0x0000000000431a94       0x68 coreutils/lib.a(printf.o)
 .text.conv_strtol
                0x0000000000431afc       0x38 coreutils/lib.a(printf.o)
 .text.multiconvert
                0x0000000000431b34       0xa8 coreutils/lib.a(printf.o)
 .text.print_direc
                0x0000000000431bdc      0x290 coreutils/lib.a(printf.o)
 .text.conv_strtoul
                0x0000000000431e6c       0x38 coreutils/lib.a(printf.o)
 .text.conv_strtod
                0x0000000000431ea4       0x68 coreutils/lib.a(printf.o)
 .text.printf_main
                0x0000000000431f0c      0x4c0 coreutils/lib.a(printf.o)
                0x0000000000431f0c                printf_main
 .text.pwd_main
                0x00000000004323cc       0x90 coreutils/lib.a(pwd.o)
                0x00000000004323cc                pwd_main
 .text.rm_main  0x000000000043245c      0x198 coreutils/lib.a(rm.o)
                0x000000000043245c                rm_main
 .text.sleep_main
                0x00000000004325f4       0x64 coreutils/lib.a(sleep.o)
                0x00000000004325f4                sleep_main
 .text.str2u    0x0000000000432658       0x70 coreutils/lib.a(sort.o)
 .text.add_key  0x00000000004326c8       0x50 coreutils/lib.a(sort.o)
 .text.get_key  0x0000000000432718      0x3c8 coreutils/lib.a(sort.o)
 .text.compare_keys
                0x0000000000432ae0      0x544 coreutils/lib.a(sort.o)
 .text.sort_main
                0x0000000000433024      0x5a8 coreutils/lib.a(sort.o)
                0x0000000000433024                sort_main
 .text.sync_main
                0x00000000004335cc       0x4c coreutils/lib.a(sync.o)
                0x00000000004335cc                sync_main
 .text.check_operator
                0x0000000000433618       0xac coreutils/lib.a(test.o)
 .text.syntax   0x00000000004336c4       0x88 coreutils/lib.a(test.o)
 .text.getn     0x000000000043374c       0xb0 coreutils/lib.a(test.o)
 .text.binop    0x00000000004337fc      0x24c coreutils/lib.a(test.o)
 .text.filstat  0x0000000000433a48      0x32c coreutils/lib.a(test.o)
 .text.nexpr    0x0000000000433d74      0x240 coreutils/lib.a(test.o)
 .text.aexpr    0x0000000000433fb4       0xb0 coreutils/lib.a(test.o)
 .text.oexpr    0x0000000000434064       0xb0 coreutils/lib.a(test.o)
 .text.test_main
                0x0000000000434114      0x1e0 coreutils/lib.a(test.o)
                0x0000000000434114                test_main
 .text.touch_main
                0x00000000004342f4      0x150 coreutils/lib.a(touch.o)
                0x00000000004342f4                touch_main
 .text.expand   0x0000000000434444      0x1b4 coreutils/lib.a(tr.o)
 .text.complement.constprop.0
                0x00000000004345f8       0xa0 coreutils/lib.a(tr.o)
 .text.tr_main  0x0000000000434698      0x2e4 coreutils/lib.a(tr.o)
                0x0000000000434698                tr_main
 .text.wc_main  0x000000000043497c      0x3c0 coreutils/lib.a(wc.o)
                0x000000000043497c                wc_main
 .text.cp_mv_stat2
                0x0000000000434d3c       0x8c coreutils/libcoreutils/lib.a(cp_mv_stat.o)
                0x0000000000434d3c                cp_mv_stat2
 .text.cp_mv_stat
                0x0000000000434dc8       0x14 coreutils/libcoreutils/lib.a(cp_mv_stat.o)
                0x0000000000434dc8                cp_mv_stat
 .text.getopt_mk_fifo_nod
                0x0000000000434ddc       0x80 coreutils/libcoreutils/lib.a(getopt_mk_fifo_nod.o)
                0x0000000000434ddc                getopt_mk_fifo_nod
 .text.hashidx  0x0000000000434e5c       0x2c editors/lib.a(awk.o)
 .text.skip_spaces
                0x0000000000434e88       0x70 editors/lib.a(awk.o)
 .text.nextword
                0x0000000000434ef8       0x24 editors/lib.a(awk.o)
 .text.rollback_token
                0x0000000000434f1c       0x14 editors/lib.a(awk.o)
 .text.nextarg  0x0000000000434f30       0x48 editors/lib.a(awk.o)
 .text.hash_init
                0x0000000000434f78       0x58 editors/lib.a(awk.o)
 .text.iamarray
                0x0000000000434fd0       0x58 editors/lib.a(awk.o)
 .text.new_node
                0x0000000000435028       0x44 editors/lib.a(awk.o)
 .text.nvalloc  0x000000000043506c      0x12c editors/lib.a(awk.o)
 .text.qrealloc
                0x0000000000435198       0x60 editors/lib.a(awk.o)
 .text.clrvar   0x00000000004351f8       0x60 editors/lib.a(awk.o)
 .text.fsrealloc
                0x0000000000435258       0xf8 editors/lib.a(awk.o)
 .text.clear_array
                0x0000000000435350       0xd0 editors/lib.a(awk.o)
 .text.zero_out_var
                0x0000000000435420       0x18 editors/lib.a(awk.o)
 .text.chain_node
                0x0000000000435438       0xb4 editors/lib.a(awk.o)
 .text.mk_re_node
                0x00000000004354ec       0x80 editors/lib.a(awk.o)
 .text.mk_splitter
                0x000000000043556c       0xc4 editors/lib.a(awk.o)
 .text.getvar_i
                0x0000000000435630       0xe0 editors/lib.a(awk.o)
 .text.is_numeric
                0x0000000000435710       0x30 editors/lib.a(awk.o)
 .text.istrue   0x0000000000435740       0x74 editors/lib.a(awk.o)
 .text.hash_search
                0x00000000004357b4       0xa0 editors/lib.a(awk.o)
 .text.hash_find
                0x0000000000435854      0x1f8 editors/lib.a(awk.o)
 .text.hash_remove
                0x0000000000435a4c      0x108 editors/lib.a(awk.o)
 .text.nextchar
                0x0000000000435b54       0x80 editors/lib.a(awk.o)
 .text.syntax_error
                0x0000000000435bd4       0x30 editors/lib.a(awk.o)
 .text.fmt_num  0x0000000000435c04      0x1a8 editors/lib.a(awk.o)
 .text.getvar_s
                0x0000000000435dac       0xc8 editors/lib.a(awk.o)
 .text.handle_special
                0x0000000000435e74      0x2b8 editors/lib.a(awk.o)
 .text.setvar_p
                0x000000000043612c       0x3c editors/lib.a(awk.o)
 .text.setvar_s
                0x0000000000436168       0x50 editors/lib.a(awk.o)
 .text.setvar_u
                0x00000000004361b8       0x34 editors/lib.a(awk.o)
 .text.is_assignment
                0x00000000004361ec      0x120 editors/lib.a(awk.o)
 .text.setari_u
                0x000000000043630c       0x74 editors/lib.a(awk.o)
 .text.setvar_i
                0x0000000000436380       0x5c editors/lib.a(awk.o)
 .text.incvar   0x00000000004363dc       0x60 editors/lib.a(awk.o)
 .text.awk_getline
                0x000000000043643c      0x390 editors/lib.a(awk.o)
 .text.copyvar  0x00000000004367cc       0x80 editors/lib.a(awk.o)
 .text.awk_split
                0x000000000043684c      0x36c editors/lib.a(awk.o)
 .text.split_f0
                0x0000000000436bb8      0x12c editors/lib.a(awk.o)
 .text.next_input_file
                0x0000000000436ce4      0x1bc editors/lib.a(awk.o)
 .text.next_token
                0x0000000000436ea0      0x58c editors/lib.a(awk.o)
 .text.parse_expr
                0x000000000043742c      0x464 editors/lib.a(awk.o)
 .text.condition
                0x0000000000437890       0x20 editors/lib.a(awk.o)
 .text.chain_expr
                0x00000000004378b0       0x60 editors/lib.a(awk.o)
 .text.chain_group
                0x0000000000437910      0x388 editors/lib.a(awk.o)
 .text.parse_program
                0x0000000000437c98      0x1ec editors/lib.a(awk.o)
 .text.chain_loop
                0x0000000000437e84       0xc4 editors/lib.a(awk.o)
 .text.nvfree   0x0000000000437f48      0x160 editors/lib.a(awk.o)
 .text.awk_exit
                0x00000000004380a8       0xfc editors/lib.a(awk.o)
 .text.evaluate
                0x00000000004381a4     0x20d8 editors/lib.a(awk.o)
 .text.as_regex
                0x000000000043a27c       0xdc editors/lib.a(awk.o)
 .text.awk_sub  0x000000000043a358      0x374 editors/lib.a(awk.o)
 .text.awk_printf
                0x000000000043a6cc      0x328 editors/lib.a(awk.o)
 .text.ptest    0x000000000043a9f4       0x28 editors/lib.a(awk.o)
 .text.awk_main
                0x000000000043aa1c      0x5c4 editors/lib.a(awk.o)
                0x000000000043aa1c                awk_main
 .text.parse_escapes
                0x000000000043afe0       0x7c editors/lib.a(sed.o)
 .text.index_of_next_unescaped_regexp_delim
                0x000000000043b05c       0xf4 editors/lib.a(sed.o)
 .text.copy_parsing_escapes
                0x000000000043b150       0xa0 editors/lib.a(sed.o)
 .text.parse_regex_delim
                0x000000000043b1f0       0xbc editors/lib.a(sed.o)
 .text.get_address
                0x000000000043b2ac      0x14c editors/lib.a(sed.o)
 .text.parse_file_cmd
                0x000000000043b3f8      0x104 editors/lib.a(sed.o)
 .text.add_cmd  0x000000000043b4fc      0x888 editors/lib.a(sed.o)
 .text.add_cmd_block
                0x000000000043bd84      0x104 editors/lib.a(sed.o)
 .text.add_input_file
                0x000000000043be88       0x7c editors/lib.a(sed.o)
 .text.flush_append
                0x000000000043bf04       0xb0 editors/lib.a(sed.o)
 .text.pipe_putc
                0x000000000043bfb4       0xb4 editors/lib.a(sed.o)
 .text.append   0x000000000043c068       0x38 editors/lib.a(sed.o)
 .text.get_next_line
                0x000000000043c0a0      0x1a0 editors/lib.a(sed.o)
 .text.puts_maybe_newline
                0x000000000043c240      0x1f0 editors/lib.a(sed.o)
 .text.process_files
                0x000000000043c430      0xd80 editors/lib.a(sed.o)
 .text.cleanup_outname
                0x000000000043d1b0       0x38 editors/lib.a(sed.o)
 .text.sed_main
                0x000000000043d1e8      0x4f8 editors/lib.a(sed.o)
                0x000000000043d1e8                sed_main
 .text.next_tabstop
                0x000000000043d6e0       0x34 editors/lib.a(vi.o)
 .text.dot_left
                0x000000000043d714       0x40 editors/lib.a(vi.o)
 .text.dot_right
                0x000000000043d754       0x40 editors/lib.a(vi.o)
 .text.find_pair
                0x000000000043d794       0xfc editors/lib.a(vi.o)
 .text.end_cmd_q
                0x000000000043d890       0x18 editors/lib.a(vi.o)
 .text.what_reg
                0x000000000043d8a8       0x4c editors/lib.a(vi.o)
 .text.show_help
                0x000000000043d8f4       0x18 editors/lib.a(vi.o)
 .text.rawmode  0x000000000043d90c       0xc8 editors/lib.a(vi.o)
 .text.screen_erase
                0x000000000043d9d4       0x28 editors/lib.a(vi.o)
 .text.new_screen
                0x000000000043d9fc       0xac editors/lib.a(vi.o)
 .text.file_size
                0x000000000043daa8       0x60 editors/lib.a(vi.o)
 .text.text_hole_delete
                0x000000000043db08      0x104 editors/lib.a(vi.o)
 .text.write1   0x000000000043dc0c       0x1c editors/lib.a(vi.o)
 .text.standout_start
                0x000000000043dc28        0xc editors/lib.a(vi.o)
 .text.standout_end
                0x000000000043dc34        0xc editors/lib.a(vi.o)
 .text.clear_to_eos
                0x000000000043dc40        0xc editors/lib.a(vi.o)
 .text.clear_to_eol
                0x000000000043dc4c        0xc editors/lib.a(vi.o)
 .text.text_hole_make
                0x000000000043dc58      0x120 editors/lib.a(vi.o)
 .text.stupid_insert
                0x000000000043dd78       0x30 editors/lib.a(vi.o)
 .text.status_line_bold
                0x000000000043dda8       0xb0 editors/lib.a(vi.o)
 .text.file_insert
                0x000000000043de58      0x27c editors/lib.a(vi.o)
 .text.status_line
                0x000000000043e0d4       0x5c editors/lib.a(vi.o)
 .text.catch_sig
                0x000000000043e130       0x60 editors/lib.a(vi.o)
 .text.dot_skip_over_ws
                0x000000000043e190       0x94 editors/lib.a(vi.o)
 .text.not_implemented
                0x000000000043e224      0x1d4 editors/lib.a(vi.o)
 .text.setops   0x000000000043e3f8       0xcc editors/lib.a(vi.o)
 .text.mycmp    0x000000000043e4c4       0x94 editors/lib.a(vi.o)
 .text.string_insert
                0x000000000043e558       0xc0 editors/lib.a(vi.o)
 .text.text_yank
                0x000000000043e618       0xd0 editors/lib.a(vi.o)
 .text.yank_delete
                0x000000000043e6e8       0xd4 editors/lib.a(vi.o)
 .text.file_write
                0x000000000043e7bc       0xd8 editors/lib.a(vi.o)
 .text.cookmode
                0x000000000043e894       0x50 editors/lib.a(vi.o)
 .text.mysleep  0x000000000043e8e4       0x44 editors/lib.a(vi.o)
 .text.begin_line
                0x000000000043e928       0x64 editors/lib.a(vi.o)
 .text.prev_line
                0x000000000043e98c       0x54 editors/lib.a(vi.o)
 .text.dot_prev
                0x000000000043e9e0       0x34 editors/lib.a(vi.o)
 .text.move_to_col
                0x000000000043ea14       0xd4 editors/lib.a(vi.o)
 .text.dot_begin
                0x000000000043eae8       0x34 editors/lib.a(vi.o)
 .text.end_line
                0x000000000043eb1c       0x64 editors/lib.a(vi.o)
 .text.next_line
                0x000000000043eb80       0x58 editors/lib.a(vi.o)
 .text.find_line
                0x000000000043ebd8       0x44 editors/lib.a(vi.o)
 .text.char_search
                0x000000000043ec1c      0x134 editors/lib.a(vi.o)
 .text.dot_next
                0x000000000043ed50       0x34 editors/lib.a(vi.o)
 .text.count_lines
                0x000000000043ed84       0xb0 editors/lib.a(vi.o)
 .text.get_one_address
                0x000000000043ee34      0x1e8 editors/lib.a(vi.o)
 .text.end_screen
                0x000000000043f01c       0x5c editors/lib.a(vi.o)
 .text.dot_scroll
                0x000000000043f078       0xcc editors/lib.a(vi.o)
 .text.dot_end  0x000000000043f144       0x34 editors/lib.a(vi.o)
 .text.skip_thing
                0x000000000043f178      0x1f0 editors/lib.a(vi.o)
 .text.place_cursor
                0x000000000043f368      0x1bc editors/lib.a(vi.o)
 .text.readit   0x000000000043f524      0x21c editors/lib.a(vi.o)
 .text.get_one_char
                0x000000000043f740       0xd0 editors/lib.a(vi.o)
 .text.refresh  0x000000000043f810      0x688 editors/lib.a(vi.o)
 .text.get_input_line
                0x000000000043fe98      0x158 editors/lib.a(vi.o)
 .text.redraw   0x000000000043fff0       0x54 editors/lib.a(vi.o)
 .text.Hit_Return
                0x0000000000440044       0x5c editors/lib.a(vi.o)
 .text.show_status_line
                0x00000000004400a0      0x2a8 editors/lib.a(vi.o)
 .text.winch_sig
                0x0000000000440348       0xa4 editors/lib.a(vi.o)
 .text.suspend_sig
                0x00000000004403ec       0x98 editors/lib.a(vi.o)
 .text.cont_sig
                0x0000000000440484       0x84 editors/lib.a(vi.o)
 .text.Indicate_Error
                0x0000000000440508       0x64 editors/lib.a(vi.o)
 .text.char_insert
                0x000000000044056c      0x258 editors/lib.a(vi.o)
 .text.init_text_buffer
                0x00000000004407c4      0x110 editors/lib.a(vi.o)
 .text.bound_dot
                0x00000000004408d4       0x80 editors/lib.a(vi.o)
 .text.colon    0x0000000000440954     0x12a8 editors/lib.a(vi.o)
 .text.do_cmd   0x0000000000441bfc     0x1bcc editors/lib.a(vi.o)
 .text.edit_file
                0x00000000004437c8      0x3e4 editors/lib.a(vi.o)
 .text.find_range
                0x0000000000443bac      0x360 editors/lib.a(vi.o)
 .text.vi_main  0x0000000000443f0c      0x234 editors/lib.a(vi.o)
                0x0000000000443f0c                vi_main
 .text.add_grep_list_data
                0x0000000000444140       0x34 findutils/lib.a(grep.o)
 .text.print_line
                0x0000000000444174      0x16c findutils/lib.a(grep.o)
 .text.grep_file
                0x00000000004442e0      0x54c findutils/lib.a(grep.o)
 .text.file_action_grep
                0x000000000044482c       0xd0 findutils/lib.a(grep.o)
 .text.grep_main
                0x00000000004448fc      0x59c findutils/lib.a(grep.o)
                0x00000000004448fc                grep_main
 .text.halt_main
                0x0000000000444e98      0x14c init/lib.a(halt.o)
                0x0000000000444e98                halt_main
 .text.cont_handler
                0x0000000000444fe4       0x10 init/lib.a(init.o)
 .text.loop_forever
                0x0000000000444ff4       0x30 init/lib.a(init.o)
 .text.waitfor  0x0000000000445024       0x4c init/lib.a(init.o)
 .text.init_reboot
                0x0000000000445070       0x6c init/lib.a(init.o)
 .text.set_sane_term
                0x00000000004450dc       0xb8 init/lib.a(init.o)
 .text.new_init_action
                0x0000000000445194      0x138 init/lib.a(init.o)
 .text.delete_init_action
                0x00000000004452cc       0x64 init/lib.a(init.o)
 .text.message  0x0000000000445330      0x174 init/lib.a(init.o)
 .text.parse_inittab
                0x00000000004454a4      0x264 init/lib.a(init.o)
 .text.init_exec
                0x0000000000445708      0x188 init/lib.a(init.o)
 .text.stop_handler
                0x0000000000445890       0x78 init/lib.a(init.o)
 .text.kill_all_processes
                0x0000000000445908      0x10c init/lib.a(init.o)
 .text.halt_reboot_pwoff
                0x0000000000445a14      0x1bc init/lib.a(init.o)
 .text.open_stdio_to_tty
                0x0000000000445bd0       0xec init/lib.a(init.o)
 .text.run      0x0000000000445cbc      0x1fc init/lib.a(init.o)
 .text.run_actions
                0x0000000000445eb8       0xc0 init/lib.a(init.o)
 .text.reload_signal
                0x0000000000445f78       0xa0 init/lib.a(init.o)
 .text.ctrlaltdel_signal
                0x0000000000446018        0x8 init/lib.a(init.o)
 .text.exec_restart_action
                0x0000000000446020       0xb0 init/lib.a(init.o)
 .text.init_main
                0x00000000004460d0      0x508 init/lib.a(init.o)
                0x00000000004460d0                init_main
 .text.bb_do_delay
                0x00000000004465d8       0xe0 libbb/lib.a(bb_do_delay.o)
                0x00000000004465d8                bb_do_delay
 .text.bb_getug
                0x00000000004466b8       0xa0 libbb/lib.a(bb_pwd.o)
 .text.bb_getpwuid
                0x0000000000446758       0x64 libbb/lib.a(bb_pwd.o)
                0x0000000000446758                bb_getpwuid
 .text.xuname2uid
                0x00000000004467bc       0x4c libbb/lib.a(bb_pwd.o)
                0x00000000004467bc                xuname2uid
 .text.change_identity
                0x0000000000446808       0x94 libbb/lib.a(change_identity.o)
                0x0000000000446808                change_identity
 .text.index_in_strings
                0x000000000044689c       0x98 libbb/lib.a(compare_string_array.o)
                0x000000000044689c                index_in_strings
 .text.index_in_substrings
                0x0000000000446934       0xbc libbb/lib.a(compare_string_array.o)
                0x0000000000446934                index_in_substrings
 .text.nth_string
                0x00000000004469f0       0x5c libbb/lib.a(compare_string_array.o)
                0x00000000004469f0                nth_string
 .text.concat_path_file
                0x0000000000446a4c       0x94 libbb/lib.a(concat_path_file.o)
                0x0000000000446a4c                concat_path_file
 .text.ask_and_unlink
                0x0000000000446ae0       0xcc libbb/lib.a(copy_file.o)
 .text.copy_file
                0x0000000000446bac      0x804 libbb/lib.a(copy_file.o)
                0x0000000000446bac                copy_file
 .text.correct_password
                0x00000000004473b0      0x110 libbb/lib.a(correct_password.o)
                0x00000000004473b0                correct_password
 .text.create_icmp6_socket
                0x00000000004474c0       0xb0 libbb/lib.a(create_icmp6_socket.o)
                0x00000000004474c0                create_icmp6_socket
 .text.create_icmp_socket
                0x0000000000447570       0xb0 libbb/lib.a(create_icmp_socket.o)
                0x0000000000447570                create_icmp_socket
 .text.i64c     0x0000000000447620       0x3c libbb/lib.a(crypt_make_salt.o)
 .text.crypt_make_salt
                0x000000000044765c       0xe8 libbb/lib.a(crypt_make_salt.o)
                0x000000000044765c                crypt_make_salt
 .text.device_open
                0x0000000000447744       0xb0 libbb/lib.a(device_open.o)
                0x0000000000447744                device_open
 .text.fclose_if_not_stdin
                0x00000000004477f4       0x88 libbb/lib.a(fclose_nonstdin.o)
                0x00000000004477f4                fclose_if_not_stdin
 .text.fflush_stdout_and_exit
                0x000000000044787c       0x5c libbb/lib.a(fflush_stdout_and_exit.o)
                0x000000000044787c                fflush_stdout_and_exit
 .text.xmalloc_fgets_internal
                0x00000000004478d8      0x1a8 libbb/lib.a(fgets_str.o)
 .text.xmalloc_fgets_str
                0x0000000000447a80        0x8 libbb/lib.a(fgets_str.o)
                0x0000000000447a80                xmalloc_fgets_str
 .text.find_pid_by_name
                0x0000000000447a88      0x1a8 libbb/lib.a(find_pid_by_name.o)
                0x0000000000447a88                find_pid_by_name
 .text.bb_get_chunk_with_continuation
                0x0000000000447c30      0x1c4 libbb/lib.a(get_line_from_file.o)
                0x0000000000447c30                bb_get_chunk_with_continuation
 .text.bb_get_chunk_from_file
                0x0000000000447df4        0x8 libbb/lib.a(get_line_from_file.o)
                0x0000000000447df4                bb_get_chunk_from_file
 .text.xmalloc_fgets
                0x0000000000447dfc       0x20 libbb/lib.a(get_line_from_file.o)
                0x0000000000447dfc                xmalloc_fgets
 .text.xmalloc_fgetline
                0x0000000000447e1c       0x4c libbb/lib.a(get_line_from_file.o)
                0x0000000000447e1c                xmalloc_fgetline
 .text.getopt32
                0x0000000000447e68      0x644 libbb/lib.a(getopt32.o)
                0x0000000000447e68                getopt32
 .text.xgetpty  0x00000000004484ac       0xd0 libbb/lib.a(getpty.o)
                0x00000000004484ac                xgetpty
 .text.INET_resolve
                0x000000000044857c       0xcc libbb/lib.a(inet_common.o)
                0x000000000044857c                INET_resolve
 .text.INET_rresolve
                0x0000000000448648      0x20c libbb/lib.a(inet_common.o)
                0x0000000000448648                INET_rresolve
 .text.INET6_resolve
                0x0000000000448854       0xd0 libbb/lib.a(inet_common.o)
                0x0000000000448854                INET6_resolve
 .text.INET6_rresolve
                0x0000000000448924      0x12c libbb/lib.a(inet_common.o)
                0x0000000000448924                INET6_rresolve
 .text.bb_info_msg
                0x0000000000448a50       0xb4 libbb/lib.a(info_msg.o)
                0x0000000000448a50                bb_info_msg
 .text.is_in_ino_dev_hashtable
                0x0000000000448b04       0x98 libbb/lib.a(inode_hash.o)
                0x0000000000448b04                is_in_ino_dev_hashtable
 .text.add_to_ino_dev_hashtable
                0x0000000000448b9c       0xec libbb/lib.a(inode_hash.o)
                0x0000000000448b9c                add_to_ino_dev_hashtable
 .text.get_linux_version_code
                0x0000000000448c88       0xbc libbb/lib.a(kernel_version.o)
                0x0000000000448c88                get_linux_version_code
 .text.put_prompt
                0x0000000000448d44       0x7c libbb/lib.a(lineedit.o)
 .text.parse_and_put_prompt
                0x0000000000448dc0       0x44 libbb/lib.a(lineedit.o)
 .text.beep     0x0000000000448e04       0x10 libbb/lib.a(lineedit.o)
 .text.input_backward
                0x0000000000448e14      0x118 libbb/lib.a(lineedit.o)
 .text.free_tab_completion_data
                0x0000000000448f2c       0x84 libbb/lib.a(lineedit.o)
 .text.deinit_S
                0x0000000000448fb0       0x1c libbb/lib.a(lineedit.o)
 .text.save_command_ps_at_cur_history
                0x0000000000448fcc       0x98 libbb/lib.a(lineedit.o)
 .text.get_previous_history
                0x0000000000449064       0x90 libbb/lib.a(lineedit.o)
 .text.get_next_history
                0x00000000004490f4       0x94 libbb/lib.a(lineedit.o)
 .text.add_quote_for_spec_chars
                0x0000000000449188       0xd4 libbb/lib.a(lineedit.o)
 .text.cmdedit_set_out_char
                0x000000000044925c       0xac libbb/lib.a(lineedit.o)
 .text.input_forward
                0x0000000000449308       0x40 libbb/lib.a(lineedit.o)
 .text.input_end
                0x0000000000449348       0x54 libbb/lib.a(lineedit.o)
 .text.goto_new_line
                0x000000000044939c       0x68 libbb/lib.a(lineedit.o)
 .text.redraw   0x0000000000449404       0x88 libbb/lib.a(lineedit.o)
 .text.input_tab
                0x000000000044948c     0x1224 libbb/lib.a(lineedit.o)
 .text.input_delete
                0x000000000044a6b0       0xa0 libbb/lib.a(lineedit.o)
 .text.input_backspace
                0x000000000044a750       0x54 libbb/lib.a(lineedit.o)
 .text.win_changed
                0x000000000044a7a4       0xe0 libbb/lib.a(lineedit.o)
 .text.read_line_input
                0x000000000044a884      0xa60 libbb/lib.a(lineedit.o)
                0x000000000044a884                read_line_input
 .text.new_line_input_t
                0x000000000044b2e4       0x34 libbb/lib.a(lineedit.o)
                0x000000000044b2e4                new_line_input_t
 .text.llist_add_to
                0x000000000044b318       0x4c libbb/lib.a(llist.o)
                0x000000000044b318                llist_add_to
 .text.llist_add_to_end
                0x000000000044b364       0x70 libbb/lib.a(llist.o)
                0x000000000044b364                llist_add_to_end
 .text.llist_pop
                0x000000000044b3d4       0x5c libbb/lib.a(llist.o)
                0x000000000044b3d4                llist_pop
 .text.print_login_issue
                0x000000000044b430      0x30c libbb/lib.a(login.o)
                0x000000000044b430                print_login_issue
 .text.print_login_prompt
                0x000000000044b73c       0xa0 libbb/lib.a(login.o)
                0x000000000044b73c                print_login_prompt
 .text.sanitize_env_if_suid
                0x000000000044b7dc       0xb8 libbb/lib.a(login.o)
                0x000000000044b7dc                sanitize_env_if_suid
 .text.bb_make_directory
                0x000000000044b894      0x218 libbb/lib.a(make_directory.o)
                0x000000000044b894                bb_make_directory
 .text.bb_makedev
                0x000000000044baac       0x34 libbb/lib.a(makedev.o)
                0x000000000044baac                bb_makedev
 .text.match_fstype
                0x000000000044bae0      0x104 libbb/lib.a(match_fstype.o)
                0x000000000044bae0                match_fstype
 .text.md5_hash_block
                0x000000000044bbe4      0x2e8 libbb/lib.a(md5.o)
 .text.md5_begin
                0x000000000044becc       0x48 libbb/lib.a(md5.o)
                0x000000000044becc                md5_begin
 .text.md5_hash
                0x000000000044bf14       0xec libbb/lib.a(md5.o)
                0x000000000044bf14                md5_hash
 .text.md5_end  0x000000000044c000      0x140 libbb/lib.a(md5.o)
                0x000000000044c000                md5_end
 .text.bb_mode_string
                0x000000000044c140       0xc0 libbb/lib.a(mode_string.o)
                0x000000000044c140                bb_mode_string
 .text.config_free_data
                0x000000000044c200       0x40 libbb/lib.a(parse_config.o)
 .text.config_open2